Component: ARM Compiler 5.05 update 1 (build 106) Tool: armlink [4d0efa]

==============================================================================

Section Cross References

    startup_stm32f10x_hd.o(RESET) refers to startup_stm32f10x_hd.o(STACK) for __initial_sp
    startup_stm32f10x_hd.o(RESET) refers to startup_stm32f10x_hd.o(.text) for Reset_Handler
    startup_stm32f10x_hd.o(RESET) refers to stm32f10x_it.o(.text) for NMI_Handler
    startup_stm32f10x_hd.o(RESET) refers to phyuart.o(.text) for TIM2_IRQHandler
    startup_stm32f10x_hd.o(.text) refers to system_stm32f10x.o(.text) for SystemInit
    startup_stm32f10x_hd.o(.text) refers to entry.o(.ARM.Collect$$$$00000000) for __main
    main.o(.text) refers to physys.o(.text) for SysClockInit
    main.o(.text) refers to phyiwdg.o(.text) for IwdgInit
    main.o(.text) refers to objoled.o(.text) for ObjOLED_MainDeal
    main.o(.text) refers to phygpio.o(.text) for PhyIo_DiDeal
    main.o(.text) refers to objgpio.o(.text) for ObjGpio_InputDeal
    main.o(.text) refers to objsci.o(.text) for ObjSci_Uart1MainDeal
    main.o(.text) refers to objadc.o(.text) for ObjAdc_MainDeal
    main.o(.text) refers to stm32f10x_iwdg.o(.text) for IWDG_ReloadCounter
    main.o(.text) refers to main.o(.data) for uc_dealStep
    physys.o(.text) refers to stm32f10x_rcc.o(.text) for RCC_DeInit
    physys.o(.text) refers to stm32f10x_flash.o(.text) for FLASH_SetLatency
    physys.o(.text) refers to phygpio.o(.text) for PhyGpio_PeriphInit
    physys.o(.text) refers to phyuart.o(.text) for PhyUart_InitTim2
    physys.o(.text) refers to phyadc.o(.text) for PhyAdc_Init
    physys.o(.text) refers to oled_i2c.o(.text) for PhyIIC_OLEDInit
    physys.o(.text) refers to physys.o(.data) for HSEStartUpStatus
    phyadc.o(.text) refers to stm32f10x_rcc.o(.text) for RCC_AHBPeriphClockCmd
    phyadc.o(.text) refers to stm32f10x_dma.o(.text) for DMA_DeInit
    phyadc.o(.text) refers to stm32f10x_adc.o(.text) for ADC_DeInit
    phyadc.o(.text) refers to stm32f10x_gpio.o(.text) for GPIO_Init
    phyadc.o(.text) refers to phyadc.o(.bss) for us_PhyAdc_dmaValue
    phygpio.o(.text) refers to stm32f10x_rcc.o(.text) for RCC_APB2PeriphClockCmd
    phygpio.o(.text) refers to stm32f10x_gpio.o(.text) for GPIO_PinRemapConfig
    phygpio.o(.text) refers to phygpio.o(.data) for ul_phyIo_terminal
    phyiwdg.o(.text) refers to stm32f10x_iwdg.o(.text) for IWDG_WriteAccessCmd
    phyuart.o(.text) refers to misc.o(.text) for NVIC_Init
    phyuart.o(.text) refers to stm32f10x_rcc.o(.text) for RCC_APB2PeriphClockCmd
    phyuart.o(.text) refers to stm32f10x_gpio.o(.text) for GPIO_Init
    phyuart.o(.text) refers to stm32f10x_usart.o(.text) for USART_Cmd
    phyuart.o(.text) refers to phyuart.o(.bss) for st_uart1
    phyuart.o(.text) refers to phyuart.o(.data) for uc_uartNoUse
    phyuart.o(.text) refers to stm32f10x_tim.o(.text) for TIM_GetFlagStatus
    oled_i2c.o(.text) refers to stm32f10x_i2c.o(.text) for I2C_GetFlagStatus
    oled_i2c.o(.text) refers to physys.o(.text) for PhySys_UsDelay
    oled_i2c.o(.text) refers to stm32f10x_rcc.o(.text) for RCC_APB1PeriphClockCmd
    oled_i2c.o(.text) refers to stm32f10x_gpio.o(.text) for GPIO_Init
    oled_i2c.o(.text) refers to oled_i2c.o(.data) for us_step
    oled_i2c.o(.text) refers to oled_i2c.o(.constdata) for F6x8
    objgpio.o(.text) refers to phygpio.o(.text) for PhyGpio_ReadFromPeriph
    objgpio.o(.text) refers to objgpio.o(.data) for un_objGpio_output
    objgpio.o(.text) refers to objadc.o(.data) for ul_objAdc_vBat
    objsci.o(.text) refers to phyuart.o(.text) for PhyUart_TxDeal
    objsci.o(.text) refers to objsci.o(.bss) for st_objSci_txMsg1
    objsci.o(.text) refers to objsci.o(.data) for us_step
    objsci.o(.text) refers to objadc.o(.data) for ul_objAdc_vBat
    objoled.o(.text) refers to memseta.o(.text) for __aeabi_memclr4
    objoled.o(.text) refers to printf1.o(i.__0sprintf$1) for __2sprintf
    objoled.o(.text) refers to strcat.o(.text) for strcat
    objoled.o(.text) refers to strlen.o(.text) for strlen
    objoled.o(.text) refers to oled_i2c.o(.text) for OLED_ShowStr1
    objoled.o(.text) refers to objoled.o(.data) for us_step
    objoled.o(.text) refers to objgpio.o(.data) for un_objGpio_input
    objoled.o(.text) refers to objadc.o(.data) for ul_objAdc_vBat
    objadc.o(.text) refers to phyadc.o(.text) for PhyAdc_GetValue
    objadc.o(.text) refers to objadc.o(.data) for ul_objAdc_current
    stm32f10x_adc.o(.text) refers to stm32f10x_rcc.o(.text) for RCC_APB2PeriphResetCmd
    stm32f10x_bkp.o(.text) refers to stm32f10x_rcc.o(.text) for RCC_BackupResetCmd
    stm32f10x_can.o(.text) refers to stm32f10x_rcc.o(.text) for RCC_APB1PeriphResetCmd
    stm32f10x_cec.o(.text) refers to stm32f10x_rcc.o(.text) for RCC_APB1PeriphResetCmd
    stm32f10x_dac.o(.text) refers to stm32f10x_rcc.o(.text) for RCC_APB1PeriphResetCmd
    stm32f10x_gpio.o(.text) refers to stm32f10x_rcc.o(.text) for RCC_APB2PeriphResetCmd
[...]
    printf4.o(i.__0sprintf$4) refers to printf4.o(i._printf_core) for _printf_core
    printf4.o(i.__0sprintf$4) refers to printf4.o(i._sputc) for _sputc
    printf4.o(i.__0vfprintf$4) refers to printf4.o(i._printf_core) for _printf_core
    printf4.o(i.__0vfprintf$4) refers to fputc.o(i.fputc) for fputc
    printf4.o(i.__0vprintf$4) refers to printf4.o(i._printf_core) for _printf_core
    printf4.o(i.__0vprintf$4) refers to fputc.o(i.fputc) for fputc
    printf4.o(i.__0vprintf$4) refers to stdout.o(.data) for __stdout
    printf4.o(i.__0vsnprintf$4) refers to printf4.o(i._printf_core) for _printf_core
    printf4.o(i.__0vsnprintf$4) refers to printf4.o(i._snputc) for _snputc
    printf4.o(i.__0vsprintf$4) refers to printf4.o(i._printf_core) for _printf_core
    printf4.o(i.__0vsprintf$4) refers to printf4.o(i._sputc) for _sputc
    printf4.o(i._printf_core) refers to uldiv.o(.text) for __aeabi_uldivmod
    printf5.o(i.__0fprintf$5) refers to printf5.o(i._printf_core) for _printf_core
    printf5.o(i.__0fprintf$5) refers to fputc.o(i.fputc) for fputc
    printf5.o(i.__0printf$5) refers to printf5.o(i._printf_core) for _printf_core
    printf5.o(i.__0printf$5) refers to fputc.o(i.fputc) for fputc
    printf5.o(i.__0printf$5) refers to stdout.o(.data) for __stdout
    printf5.o(i.__0snprintf$5) refers to printf5.o(i._printf_core) for _printf_core
    printf5.o(i.__0snprintf$5) refers to printf5.o(i._snputc) for _snputc
    printf5.o(i.__0sprintf$5) refers to printf5.o(i._printf_core) for _printf_core
    printf5.o(i.__0sprintf$5) refers to printf5.o(i._sputc) for _sputc
    printf5.o(i.__0vfprintf$5) refers to printf5.o(i._printf_core) for _printf_core
    printf5.o(i.__0vfprintf$5) refers to fputc.o(i.fputc) for fputc
    printf5.o(i.__0vprintf$5) refers to printf5.o(i._printf_core) for _printf_core
    printf5.o(i.__0vprintf$5) refers to fputc.o(i.fputc) for fputc
    printf5.o(i.__0vprintf$5) refers to stdout.o(.data) for __stdout
    printf5.o(i.__0vsnprintf$5) refers to printf5.o(i._printf_core) for _printf_core
    printf5.o(i.__0vsnprintf$5) refers to printf5.o(i._snputc) for _snputc
    printf5.o(i.__0vsprintf$5) refers to printf5.o(i._printf_core) for _printf_core
    printf5.o(i.__0vsprintf$5) refers to printf5.o(i._sputc) for _sputc
    printf5.o(i._printf_core) refers to uldiv.o(.text) for __aeabi_uldivmod
    printf6.o(i.__0fprintf$6) refers to printf6.o(i._printf_core) for _printf_core
    printf6.o(i.__0fprintf$6) refers to fputc.o(i.fputc) for fputc
    printf6.o(i.__0printf$6) refers to printf6.o(i._printf_core) for _printf_core
    printf6.o(i.__0printf$6) refers to fputc.o(i.fputc) for fputc
    printf6.o(i.__0printf$6) refers to stdout.o(.data) for __stdout
    printf6.o(i.__0snprintf$6) refers to printf6.o(i._printf_core) for _printf_core
    printf6.o(i.__0snprintf$6) refers to printf6.o(i._snputc) for _snputc
    printf6.o(i.__0sprintf$6) refers to printf6.o(i._printf_core) for _printf_core
    printf6.o(i.__0sprintf$6) refers to printf6.o(i._sputc) for _sputc
    printf6.o(i.__0vfprintf$6) refers to printf6.o(i._printf_core) for _printf_core
    printf6.o(i.__0vfprintf$6) refers to fputc.o(i.fputc) for fputc
    printf6.o(i.__0vprintf$6) refers to printf6.o(i._printf_core) for _printf_core
    printf6.o(i.__0vprintf$6) refers to fputc.o(i.fputc) for fputc
    printf6.o(i.__0vprintf$6) refers to stdout.o(.data) for __stdout
    printf6.o(i.__0vsnprintf$6) refers to printf6.o(i._printf_core) for _printf_core
    printf6.o(i.__0vsnprintf$6) refers to printf6.o(i._snputc) for _snputc
    printf6.o(i.__0vsprintf$6) refers to printf6.o(i._printf_core) for _printf_core
    printf6.o(i.__0vsprintf$6) refers to printf6.o(i._sputc) for _sputc
    printf6.o(i._printf_core) refers to printf6.o(i._printf_pre_padding) for _printf_pre_padding
    printf6.o(i._printf_core) refers to uidiv.o(.text) for __aeabi_uidivmod
    printf6.o(i._printf_core) refers to printf6.o(i._printf_post_padding) for _printf_post_padding
    printf7.o(i.__0fprintf$7) refers to printf7.o(i._printf_core) for _printf_core
    printf7.o(i.__0fprintf$7) refers to fputc.o(i.fputc) for fputc
    printf7.o(i.__0printf$7) refers to printf7.o(i._printf_core) for _printf_core
    printf7.o(i.__0printf$7) refers to fputc.o(i.fputc) for fputc
    printf7.o(i.__0printf$7) refers to stdout.o(.data) for __stdout
    printf7.o(i.__0snprintf$7) refers to printf7.o(i._printf_core) for _printf_core
    printf7.o(i.__0snprintf$7) refers to printf7.o(i._snputc) for _snputc
    printf7.o(i.__0sprintf$7) refers to printf7.o(i._printf_core) for _printf_core
    printf7.o(i.__0sprintf$7) refers to printf7.o(i._sputc) for _sputc
    printf7.o(i.__0vfprintf$7) refers to printf7.o(i._printf_core) for _printf_core
    printf7.o(i.__0vfprintf$7) refers to fputc.o(i.fputc) for fputc
    printf7.o(i.__0vprintf$7) refers to printf7.o(i._printf_core) for _printf_core
    printf7.o(i.__0vprintf$7) refers to fputc.o(i.fputc) for fputc
    printf7.o(i.__0vprintf$7) refers to stdout.o(.data) for __stdout
    printf7.o(i.__0vsnprintf$7) refers to printf7.o(i._printf_core) for _printf_core
    printf7.o(i.__0vsnprintf$7) refers to printf7.o(i._snputc) for _snputc
    printf7.o(i.__0vsprintf$7) refers to printf7.o(i._printf_core) for _printf_core
    printf7.o(i.__0vsprintf$7) refers to printf7.o(i._sputc) for _sputc
    printf7.o(i._printf_core) refers to printf7.o(i._printf_pre_padding) for _printf_pre_padding
    printf7.o(i._printf_core) refers to uldiv.o(.text) for __aeabi_uldivmod
    printf7.o(i._printf_core) refers to printf7.o(i._printf_post_padding) for _printf_post_padding
    printf8.o(i.__0fprintf$8) refers to printf8.o(i._printf_core) for _printf_core
    printf8.o(i.__0fprintf$8) refers to fputc.o(i.fputc) for fputc
    printf8.o(i.__0printf$8) refers to printf8.o(i._printf_core) for _printf_core
    printf8.o(i.__0printf$8) refers to fputc.o(i.fputc) for fputc
    printf8.o(i.__0printf$8) refers to stdout.o(.data) for __stdout
    printf8.o(i.__0snprintf$8) refers to printf8.o(i._printf_core) for _printf_core
    printf8.o(i.__0snprintf$8) refers to printf8.o(i._snputc) for _snputc
    printf8.o(i.__0sprintf$8) refers to printf8.o(i._printf_core) for _printf_core
    printf8.o(i.__0sprintf$8) refers to printf8.o(i._sputc) for _sputc
    printf8.o(i.__0vfprintf$8) refers to printf8.o(i._printf_core) for _printf_core
    printf8.o(i.__0vfprintf$8) refers to fputc.o(i.fputc) for fputc
    printf8.o(i.__0vprintf$8) refers to printf8.o(i._printf_core) for _printf_core
    printf8.o(i.__0vprintf$8) refers to fputc.o(i.fputc) for fputc
    printf8.o(i.__0vprintf$8) refers to stdout.o(.data) for __stdout
    printf8.o(i.__0vsnprintf$8) refers to printf8.o(i._printf_core) for _printf_core
    printf8.o(i.__0vsnprintf$8) refers to printf8.o(i._snputc) for _snputc
    printf8.o(i.__0vsprintf$8) refers to printf8.o(i._printf_core) for _printf_core
    printf8.o(i.__0vsprintf$8) refers to printf8.o(i._sputc) for _sputc
    printf8.o(i._printf_core) refers to printf8.o(i._printf_pre_padding) for _printf_pre_padding
    printf8.o(i._printf_core) refers to uldiv.o(.text) for __aeabi_uldivmod
    printf8.o(i._printf_core) refers to printf8.o(i._printf_post_padding) for _printf_post_padding
    printfa.o(i.__0fprintf) refers (Special) to iusefp.o(.text) for __I$use$fp
    printfa.o(i.__0fprintf) refers to printfa.o(i._printf_core) for _printf_core
    printfa.o(i.__0fprintf) refers to fputc.o(i.fputc) for fputc
    printfa.o(i.__0printf) refers (Special) to iusefp.o(.text) for __I$use$fp
    printfa.o(i.__0printf) refers to printfa.o(i._printf_core) for _printf_core
    printfa.o(i.__0printf) refers to fputc.o(i.fputc) for fputc
    printfa.o(i.__0printf) refers to stdout.o(.data) for __stdout
    printfa.o(i.__0snprintf) refers (Special) to iusefp.o(.text) for __I$use$fp
    printfa.o(i.__0snprintf) refers to printfa.o(i._printf_core) for _printf_core
    printfa.o(i.__0snprintf) refers to printfa.o(i._snputc) for _snputc
    printfa.o(i.__0sprintf) refers (Special) to iusefp.o(.text) for __I$use$fp
    printfa.o(i.__0sprintf) refers to printfa.o(i._printf_core) for _printf_core
    printfa.o(i.__0sprintf) refers to printfa.o(i._sputc) for _sputc
    printfa.o(i.__0vfprintf) refers (Special) to iusefp.o(.text) for __I$use$fp
    printfa.o(i.__0vfprintf) refers to printfa.o(i._printf_core) for _printf_core
    printfa.o(i.__0vfprintf) refers to fputc.o(i.fputc) for fputc
    printfa.o(i.__0vprintf) refers (Special) to iusefp.o(.text) for __I$use$fp
    printfa.o(i.__0vprintf) refers to printfa.o(i._printf_core) for _printf_core
    printfa.o(i.__0vprintf) refers to fputc.o(i.fputc) for fputc
    printfa.o(i.__0vprintf) refers to stdout.o(.data) for __stdout
    printfa.o(i.__0vsnprintf) refers (Special) to iusefp.o(.text) for __I$use$fp
    printfa.o(i.__0vsnprintf) refers to printfa.o(i._printf_core) for _printf_core
    printfa.o(i.__0vsnprintf) refers to printfa.o(i._snputc) for _snputc
    printfa.o(i.__0vsprintf) refers (Special) to iusefp.o(.text) for __I$use$fp
    printfa.o(i.__0vsprintf) refers to printfa.o(i._printf_core) for _printf_core
    printfa.o(i.__0vsprintf) refers to printfa.o(i._sputc) for _sputc
    printfa.o(i._fp_digits) refers (Special) to iusefp.o(.text) for __I$use$fp
    printfa.o(i._fp_digits) refers to dmul.o(.text) for __aeabi_dmul
    printfa.o(i._fp_digits) refers to ddiv.o(.text) for __aeabi_ddiv
    printfa.o(i._fp_digits) refers to cdrcmple.o(.text) for __aeabi_cdrcmple
    printfa.o(i._fp_digits) refers to dadd.o(.text) for __aeabi_dadd
    printfa.o(i._fp_digits) refers to dfixul.o(.text) for __aeabi_d2ulz
    printfa.o(i._fp_digits) refers to uldiv.o(.text) for __aeabi_uldivmod
    printfa.o(i._printf_core) refers (Special) to iusefp.o(.text) for __I$use$fp
    printfa.o(i._printf_core) refers to printfa.o(i._printf_pre_padding) for _printf_pre_padding
    printfa.o(i._printf_core) refers to uldiv.o(.text) for __aeabi_uldivmod
    printfa.o(i._printf_core) refers to printfa.o(i._printf_post_padding) for _printf_post_padding
    printfa.o(i._printf_core) refers to printfa.o(i._fp_digits) for _fp_digits
    printfa.o(i._printf_core) refers to uidiv.o(.text) for __aeabi_uidivmod
    printfa.o(i._printf_post_padding) refers (Special) to iusefp.o(.text) for __I$use$fp
    printfa.o(i._printf_pre_padding) refers (Special) to iusefp.o(.text) for __I$use$fp
    printfa.o(i._snputc) refers (Special) to iusefp.o(.text) for __I$use$fp
    printfa.o(i._sputc) refers (Special) to iusefp.o(.text) for __I$use$fp
    entry2.o(.ARM.Collect$$$$00000001) refers to entry2.o(.ARM.Collect$$$$00002712) for __lit__00000000
    entry2.o(.ARM.Collect$$$$00002712) refers to startup_stm32f10x_hd.o(STACK) for __initial_sp
    entry2.o(__vectab_stack_and_reset_area) refers to startup_stm32f10x_hd.o(STACK) for __initial_sp
    entry2.o(__vectab_stack_and_reset_area) refers to entry.o(.ARM.Collect$$$$00000000) for __main
    entry5.o(.ARM.Collect$$$$00000004) refers to init.o(.text) for __scatterload
    entry9a.o(.ARM.Collect$$$$0000000B) refers to main.o(.text) for main
    entry9b.o(.ARM.Collect$$$$0000000C) refers to main.o(.text) for main
    fputc.o(i.fputc) refers (Special) to iusesemip.o(.text) for __I$use$semihosting$fputc
    fputc.o(i.fputc) refers (Special) to semi.o(.text) for __semihosting_library_function
    uldiv.o(.text) refers to llushr.o(.text) for __aeabi_llsr
    uldiv.o(.text) refers to llshl.o(.text) for __aeabi_llsl
    dadd.o(.text) refers to llshl.o(.text) for __aeabi_llsl
    dadd.o(.text) refers to llsshr.o(.text) for __aeabi_lasr
    dadd.o(.text) refers to depilogue.o(.text) for _double_epilogue
    dmul.o(.text) refers to depilogue.o(.text) for _double_epilogue
    ddiv.o(.text) refers to depilogue.o(.text) for _double_round
    dfixul.o(.text) refers to llushr.o(.text) for __aeabi_llsr
    dfixul.o(.text) refers to llshl.o(.text) for __aeabi_llsl
    init.o(.text) refers to entry5.o(.ARM.Collect$$$$00000004) for __main_after_scatterload
    depilogue.o(.text) refers to llshl.o(.text) for __aeabi_llsl
    depilogue.o(.text) refers to llushr.o(.text) for __aeabi_llsr


==============================================================================

Removing Unused input sections from the image.

    Removing startup_stm32f10x_hd.o(HEAP), (512 bytes).
    Removing core_cm3.o(.emb_text), (32 bytes).
    Removing stm32f10x_bkp.o(.text), (196 bytes).
    Removing stm32f10x_can.o(.text), (1992 bytes).
    Removing stm32f10x_cec.o(.text), (288 bytes).
    Removing stm32f10x_crc.o(.text), (72 bytes).
    Removing stm32f10x_dac.o(.text), (396 bytes).
    Removing stm32f10x_dbgmcu.o(.text), (48 bytes).
    Removing stm32f10x_exti.o(.text), (284 bytes).
    Removing stm32f10x_fsmc.o(.text), (1540 bytes).
    Removing stm32f10x_pwr.o(.text), (204 bytes).
    Removing stm32f10x_rtc.o(.text), (328 bytes).
    Removing stm32f10x_sdio.o(.text), (468 bytes).
    Removing stm32f10x_spi.o(.text), (780 bytes).
    Removing stm32f10x_wwdg.o(.text), (136 bytes).
    Removing dadd.o(.text), (334 bytes).
    Removing dmul.o(.text), (228 bytes).
    Removing ddiv.o(.text), (222 bytes).
    Removing dfixul.o(.text), (48 bytes).
    Removing cdrcmple.o(.text), (48 bytes).
    Removing depilogue.o(.text), (186 bytes).

21 unused section(s) (total 8342 bytes) removed from the image.

==============================================================================

Image Symbol Table

    Local Symbols

    Symbol Name                              Value     Ov Type        Size  Object(Section)

    ../clib/../cmprslib/zerorunl2.c          0x00000000   Number         0  __dczerorl2.o ABSOLUTE
    ../clib/microlib/division.c              0x00000000   Number         0  uldiv.o ABSOLUTE
    ../clib/microlib/division.c              0x00000000   Number         0  uidiv.o ABSOLUTE
    ../clib/microlib/init/entry.s            0x00000000   Number         0  entry10a.o ABSOLUTE
    ../clib/microlib/init/entry.s            0x00000000   Number         0  entry11a.o ABSOLUTE
    ../clib/microlib/init/entry.s            0x00000000   Number         0  entry10b.o ABSOLUTE
    ../clib/microlib/init/entry.s            0x00000000   Number         0  entry9b.o ABSOLUTE
    ../clib/microlib/init/entry.s            0x00000000   Number         0  entry9a.o ABSOLUTE
    ../clib/microlib/init/entry.s            0x00000000   Number         0  entry2.o ABSOLUTE
    ../clib/microlib/init/entry.s            0x00000000   Number         0  entry8b.o ABSOLUTE
    ../clib/microlib/init/entry.s            0x00000000   Number         0  entry8a.o ABSOLUTE
    ../clib/microlib/init/entry.s            0x00000000   Number         0  entry5.o ABSOLUTE
    ../clib/microlib/init/entry.s            0x00000000   Number         0  entry7a.o ABSOLUTE
    ../clib/microlib/init/entry.s            0x00000000   Number         0  entry.o ABSOLUTE
    ../clib/microlib/init/entry.s            0x00000000   Number         0  entry11b.o ABSOLUTE
    ../clib/microlib/init/entry.s            0x00000000   Number         0  entry7b.o ABSOLUTE
    ../clib/microlib/longlong.c              0x00000000   Number         0  llshl.o ABSOLUTE
    ../clib/microlib/longlong.c              0x00000000   Number         0  llushr.o ABSOLUTE
    ../clib/microlib/longlong.c              0x00000000   Number         0  llsshr.o ABSOLUTE
    ../clib/microlib/printf/printf.c         0x00000000   Number         0  printf6.o ABSOLUTE
    ../clib/microlib/printf/printf.c         0x00000000   Number         0  printf8.o ABSOLUTE
    ../clib/microlib/printf/printf.c         0x00000000   Number         0  printf1.o ABSOLUTE
    ../clib/microlib/printf/printf.c         0x00000000   Number         0  printf5.o ABSOLUTE
    ../clib/microlib/printf/printf.c         0x00000000   Number         0  printf4.o ABSOLUTE
    ../clib/microlib/printf/printf.c         0x00000000   Number         0  printfa.o ABSOLUTE
    ../clib/microlib/printf/printf.c         0x00000000   Number         0  printf3.o ABSOLUTE
    ../clib/microlib/printf/printf.c         0x00000000   Number         0  printf2.o ABSOLUTE
    ../clib/microlib/printf/printf.c         0x00000000   Number         0  printfb.o ABSOLUTE
    ../clib/microlib/printf/printf.c         0x00000000   Number         0  printf0.o ABSOLUTE
    ../clib/microlib/printf/printf.c         0x00000000   Number         0  printf7.o ABSOLUTE
    ../clib/microlib/printf/stubs.s          0x00000000   Number         0  stubs.o ABSOLUTE
    ../clib/microlib/stdio/fputc.c           0x00000000   Number         0  fputc.o ABSOLUTE
    ../clib/microlib/stdio/semi.s            0x00000000   Number         0  semi.o ABSOLUTE
    ../clib/microlib/stdio/streams.c         0x00000000   Number         0  stdout.o ABSOLUTE
    ../clib/microlib/string/memset.c         0x00000000   Number         0  memseta.o ABSOLUTE
    ../clib/microlib/string/strcat.c         0x00000000   Number         0  strcat.o ABSOLUTE
    ../clib/microlib/string/strlen.c         0x00000000   Number         0  strlen.o ABSOLUTE
    ../clib/microlib/stubs.s                 0x00000000   Number         0  iusefp.o ABSOLUTE
    ../clib/microlib/stubs.s                 0x00000000   Number         0  iusesemip.o ABSOLUTE
    ../fplib/microlib/fpadd.c                0x00000000   Number         0  dadd.o ABSOLUTE
    ../fplib/microlib/fpdiv.c                0x00000000   Number         0  ddiv.o ABSOLUTE
    ../fplib/microlib/fpepilogue.c           0x00000000   Number         0  depilogue.o ABSOLUTE
    ../fplib/microlib/fpfix.c                0x00000000   Number         0  dfixul.o ABSOLUTE
    ../fplib/microlib/fpmul.c                0x00000000   Number         0  dmul.o ABSOLUTE
    ..\01_Main\Main.c                        0x00000000   Number         0  main.o ABSOLUTE
    ..\02_Phy\OLED_I2C\OLED_I2C.c            0x00000000   Number         0  oled_i2c.o ABSOLUTE
    ..\02_Phy\PhyAdc\PhyAdc.c                0x00000000   Number         0  phyadc.o ABSOLUTE
    ..\02_Phy\PhyGpio\PhyGpio.c              0x00000000   Number         0  phygpio.o ABSOLUTE
    ..\02_Phy\PhyIwdg\PhyIwdg.c              0x00000000   Number         0  phyiwdg.o ABSOLUTE
    ..\02_Phy\PhySys\PhySys.c                0x00000000   Number         0  physys.o ABSOLUTE
    ..\02_Phy\PhyUart\PhyUart.c              0x00000000   Number         0  phyuart.o ABSOLUTE
    ..\03_Obj\ObjAdc\ObjAdc.c                0x00000000   Number         0  objadc.o ABSOLUTE
    ..\03_Obj\ObjGpio\ObjGpio.c              0x00000000   Number         0  objgpio.o ABSOLUTE
    ..\03_Obj\ObjOLED\ObjOLED.c              0x00000000   Number         0  objoled.o ABSOLUTE
    ..\03_Obj\ObjSci\ObjSci.c                0x00000000   Number         0  objsci.o ABSOLUTE
    ..\08_Library\src\core_cm3.c             0x00000000   Number         0  core_cm3.o ABSOLUTE
    ..\08_Library\src\misc.c                 0x00000000   Number         0  misc.o ABSOLUTE
    ..\08_Library\src\stm32f10x_adc.c        0x00000000   Number         0  stm32f10x_adc.o ABSOLUTE
    ..\08_Library\src\stm32f10x_bkp.c        0x00000000   Number         0  stm32f10x_bkp.o ABSOLUTE
    ..\08_Library\src\stm32f10x_can.c        0x00000000   Number         0  stm32f10x_can.o ABSOLUTE
    ..\08_Library\src\stm32f10x_cec.c        0x00000000   Number         0  stm32f10x_cec.o ABSOLUTE
    ..\08_Library\src\stm32f10x_crc.c        0x00000000   Number         0  stm32f10x_crc.o ABSOLUTE
    ..\08_Library\src\stm32f10x_dac.c        0x00000000   Number         0  stm32f10x_dac.o ABSOLUTE
    ..\08_Library\src\stm32f10x_dbgmcu.c     0x00000000   Number         0  stm32f10x_dbgmcu.o ABSOLUTE
    ..\08_Library\src\stm32f10x_dma.c        0x00000000   Number         0  stm32f10x_dma.o ABSOLUTE
    ..\08_Library\src\stm32f10x_exti.c       0x00000000   Number         0  stm32f10x_exti.o ABSOLUTE
    ..\08_Library\src\stm32f10x_flash.c      0x00000000   Number         0  stm32f10x_flash.o ABSOLUTE
    ..\08_Library\src\stm32f10x_fsmc.c       0x00000000   Number         0  stm32f10x_fsmc.o ABSOLUTE
    ..\08_Library\src\stm32f10x_gpio.c       0x00000000   Number         0  stm32f10x_gpio.o ABSOLUTE
    ..\08_Library\src\stm32f10x_i2c.c        0x00000000   Number         0  stm32f10x_i2c.o ABSOLUTE
    ..\08_Library\src\stm32f10x_it.c         0x00000000   Number         0  stm32f10x_it.o ABSOLUTE
    ..\08_Library\src\stm32f10x_iwdg.c       0x00000000   Number         0  stm32f10x_iwdg.o ABSOLUTE
    ..\08_Library\src\stm32f10x_pwr.c        0x00000000   Number         0  stm32f10x_pwr.o ABSOLUTE
    ..\08_Library\src\stm32f10x_rcc.c        0x00000000   Number         0  stm32f10x_rcc.o ABSOLUTE
    ..\08_Library\src\stm32f10x_rtc.c        0x00000000   Number         0  stm32f10x_rtc.o ABSOLUTE
    ..\08_Library\src\stm32f10x_sdio.c       0x00000000   Number         0  stm32f10x_sdio.o ABSOLUTE
    ..\08_Library\src\stm32f10x_spi.c        0x00000000   Number         0  stm32f10x_spi.o ABSOLUTE
    ..\08_Library\src\stm32f10x_tim.c        0x00000000   Number         0  stm32f10x_tim.o ABSOLUTE
    ..\08_Library\src\stm32f10x_usart.c      0x00000000   Number         0  stm32f10x_usart.o ABSOLUTE
    ..\08_Library\src\stm32f10x_wwdg.c       0x00000000   Number         0  stm32f10x_wwdg.o ABSOLUTE
    ..\08_Library\src\system_stm32f10x.c     0x00000000   Number         0  system_stm32f10x.o ABSOLUTE
    ..\08_Library\startup_stm32f10x_hd.s     0x00000000   Number         0  startup_stm32f10x_hd.o ABSOLUTE
    ..\\08_Library\\src\\core_cm3.c          0x00000000   Number         0  core_cm3.o ABSOLUTE
    cdrcmple.s                               0x00000000   Number         0  cdrcmple.o ABSOLUTE
    dc.s                                     0x00000000   Number         0  dc.o ABSOLUTE
    handlers.s                               0x00000000   Number         0  handlers.o ABSOLUTE
    init.s                                   0x00000000   Number         0  init.o ABSOLUTE
    RESET                                    0x08000000   Section      304  startup_stm32f10x_hd.o(RESET)
    .ARM.Collect$$$$00000000                 0x08000130   Section        0  entry.o(.ARM.Collect$$$$00000000)
    .ARM.Collect$$$$00000001                 0x08000130   Section        4  entry2.o(.ARM.Collect$$$$00000001)
    .ARM.Collect$$$$00000004                 0x08000134   Section        4  entry5.o(.ARM.Collect$$$$00000004)
    .ARM.Collect$$$$00000008                 0x08000138   Section        0  entry7b.o(.ARM.Collect$$$$00000008)
    .ARM.Collect$$$$0000000A                 0x08000138   Section        0  entry8b.o(.ARM.Collect$$$$0000000A)
    .ARM.Collect$$$$0000000B                 0x08000138   Section        8  entry9a.o(.ARM.Collect$$$$0000000B)
    .ARM.Collect$$$$0000000D                 0x08000140   Section        0  entry10a.o(.ARM.Collect$$$$0000000D)
    .ARM.Collect$$$$0000000F                 0x08000140   Section        0  entry11a.o(.ARM.Collect$$$$0000000F)
    .ARM.Collect$$$$00002712                 0x08000140   Section        4  entry2.o(.ARM.Collect$$$$00002712)
    __lit__00000000                          0x08000140   Data           4  entry2.o(.ARM.Collect$$$$00002712)
    .text                                    0x08000144   Section       36  startup_stm32f10x_hd.o(.text)
    .text                                    0x08000168   Section        0  main.o(.text)
    .text                                    0x080002a8   Section        0  physys.o(.text)
    .text                                    0x080003d8   Section        0  phyadc.o(.text)
    .text                                    0x080005b0   Section        0  phygpio.o(.text)
    .text                                    0x08000710   Section        0  phyiwdg.o(.text)
    .text                                    0x08000734   Section        0  phyuart.o(.text)
    .text                                    0x08001450   Section        0  oled_i2c.o(.text)
    .text                                    0x080018d0   Section        0  objgpio.o(.text)
    .text                                    0x080019e8   Section        0  objsci.o(.text)
    .text                                    0x08001d78   Section        0  objoled.o(.text)
    .text                                    0x08002138   Section        0  objadc.o(.text)
    .text                                    0x08002444   Section        0  misc.o(.text)
    .text                                    0x08002520   Section        0  stm32f10x_adc.o(.text)
    .text                                    0x08002970   Section        0  stm32f10x_dma.o(.text)
    .text                                    0x08002bbc   Section        0  stm32f10x_flash.o(.text)
    .text                                    0x08003190   Section        0  stm32f10x_gpio.o(.text)
    .text                                    0x080034ec   Section        0  stm32f10x_i2c.o(.text)
    .text                                    0x080038d4   Section        0  stm32f10x_it.o(.text)
    .text                                    0x080038f0   Section        0  stm32f10x_iwdg.o(.text)
    .text                                    0x08003930   Section        0  stm32f10x_rcc.o(.text)
    .text                                    0x08003cd4   Section        0  stm32f10x_tim.o(.text)
    TI4_Config                               0x0800417b   Thumb Code    80  stm32f10x_tim.o(.text)
    TI3_Config                               0x080041dd   Thumb Code    72  stm32f10x_tim.o(.text)
    TI2_Config                               0x0800423f   Thumb Code    80  stm32f10x_tim.o(.text)
    TI1_Config                               0x080042a1   Thumb Code    56  stm32f10x_tim.o(.text)
    .text                                    0x080049f0   Section        0  stm32f10x_usart.o(.text)
    .text                                    0x08004df8   Section        0  system_stm32f10x.o(.text)
    SetSysClockTo72                          0x08004df9   Thumb Code   214  system_stm32f10x.o(.text)
    SetSysClock                              0x08004ecf   Thumb Code     8  system_stm32f10x.o(.text)
    .text                                    0x08004fcc   Section        0  memseta.o(.text)
    .text                                    0x08004ff0   Section        0  strcat.o(.text)
    .text                                    0x08005008   Section        0  strlen.o(.text)
    .text                                    0x08005016   Section        0  uidiv.o(.text)
    .text                                    0x08005044   Section       36  init.o(.text)
    .text                                    0x08005068   Section        0  __dczerorl2.o(.text)
    i.__0sprintf$1                           0x080050c0   Section        0  printf1.o(i.__0sprintf$1)
    i.__scatterload_copy                     0x080050e8   Section       14  handlers.o(i.__scatterload_copy)
    i.__scatterload_null                     0x080050f6   Section        2  handlers.o(i.__scatterload_null)
    i.__scatterload_zeroinit                 0x080050f8   Section       14  handlers.o(i.__scatterload_zeroinit)
    i._printf_core                           0x08005108   Section        0  printf1.o(i._printf_core)
    _printf_core                             0x08005109   Thumb Code   336  printf1.o(i._printf_core)
    i._sputc                                 0x0800525c   Section        0  printf1.o(i._sputc)
    _sputc                                   0x0800525d   Thumb Code    10  printf1.o(i._sputc)
    .constdata                               0x08005266   Section     2072  oled_i2c.o(.constdata)
    .data                                    0x20000000   Section        7  main.o(.data)
    .data                                    0x20000007   Section        1  physys.o(.data)
    .data                                    0x20000008   Section        8  phygpio.o(.data)
    .data                                    0x20000010   Section        1  phyuart.o(.data)
    .data                                    0x20000014   Section     1204  oled_i2c.o(.data)
    us_num                                   0x200004b4   Data           2  oled_i2c.o(.data)
    us_step                                  0x200004b8   Data           4  oled_i2c.o(.data)
    us_num                                   0x200004bc   Data           4  oled_i2c.o(.data)
    us_step                                  0x200004c0   Data           4  oled_i2c.o(.data)
    us_step                                  0x200004c4   Data           4  oled_i2c.o(.data)
    .data                                    0x200004c8   Section       16  objgpio.o(.data)
    ul_holdTimer                             0x200004d0   Data           4  objgpio.o(.data)
    us_runTimer                              0x200004d4   Data           2  objgpio.o(.data)
    us_batTimer                              0x200004d6   Data           2  objgpio.o(.data)
    .data                                    0x200004d8   Section       12  objsci.o(.data)
    us_sendTimer1                            0x200004dc   Data           2  objsci.o(.data)
    us_sendTimer2                            0x200004de   Data           2  objsci.o(.data)
    us_sendTimer3                            0x200004e0   Data           2  objsci.o(.data)
    us_step                                  0x200004e2   Data           2  objsci.o(.data)
    .data                                    0x200004e4   Section       24  objoled.o(.data)
    us_step                                  0x200004f8   Data           2  objoled.o(.data)
    us_stepBak                               0x200004fa   Data           2  objoled.o(.data)
    .data                                    0x200004fc   Section       20  objadc.o(.data)
    .data                                    0x20000510   Section       20  stm32f10x_rcc.o(.data)
    APBAHBPrescTable                         0x20000510   Data          16  stm32f10x_rcc.o(.data)
    ADCPrescTable                            0x20000520   Data           4  stm32f10x_rcc.o(.data)
    .data                                    0x20000524   Section       20  system_stm32f10x.o(.data)
    .bss                                     0x20000538   Section      510  phyadc.o(.bss)
    .bss                                     0x20000736   Section      830  phyuart.o(.bss)
    .bss                                     0x20000a74   Section      208  objsci.o(.bss)
    STACK                                    0x20000b48   Section     1024  startup_stm32f10x_hd.o(STACK)

    Global Symbols

    Symbol Name                              Value     Ov Type        Size  Object(Section)

    BuildAttributes$$THM_ISAv4$P$D$K$B$S$PE$A:L22UL41UL21$X:L11$S22US41US21$IEEE1$IW$USESV6$~STKCKD$USESV7$~SHL$OSPACE$ROPI$EBA8$MICROLIB$REQ8$PRES8$EABIv2 0x00000000   Number         0  anon$$obj.o ABSOLUTE
    __ARM_use_no_argv                        0x00000000   Number         0  main.o ABSOLUTE
    _printf_a                                0x00000000   Number         0  stubs.o ABSOLUTE
    _printf_c                                0x00000000   Number         0  stubs.o ABSOLUTE
    _printf_charcount                        0x00000000   Number         0  stubs.o ABSOLUTE
    _printf_d                                0x00000000   Number         0  stubs.o ABSOLUTE
    _printf_e                                0x00000000   Number         0  stubs.o ABSOLUTE
    _printf_f                                0x00000000   Number         0  stubs.o ABSOLUTE
    _printf_flags                            0x00000000   Number         0  stubs.o ABSOLUTE
    _printf_fp_dec                           0x00000000   Number         0  stubs.o ABSOLUTE
    _printf_fp_hex                           0x00000000   Number         0  stubs.o ABSOLUTE
    _printf_g                                0x00000000   Number         0  stubs.o ABSOLUTE
    _printf_i                                0x00000000   Number         0  stubs.o ABSOLUTE
    _printf_int_dec                          0x00000000   Number         0  stubs.o ABSOLUTE
    _printf_l                                0x00000000   Number         0  stubs.o ABSOLUTE
    _printf_lc                               0x00000000   Number         0  stubs.o ABSOLUTE
    _printf_ll                               0x00000000   Number         0  stubs.o ABSOLUTE
    _printf_lld                              0x00000000   Number         0  stubs.o ABSOLUTE
    _printf_lli                              0x00000000   Number         0  stubs.o ABSOLUTE
    _printf_llo                              0x00000000   Number         0  stubs.o ABSOLUTE
    _printf_llu                              0x00000000   Number         0  stubs.o ABSOLUTE
    _printf_llx                              0x00000000   Number         0  stubs.o ABSOLUTE
    _printf_longlong_dec                     0x00000000   Number         0  stubs.o ABSOLUTE
    _printf_longlong_hex                     0x00000000   Number         0  stubs.o ABSOLUTE
    _printf_longlong_oct                     0x00000000   Number         0  stubs.o ABSOLUTE
    _printf_ls                               0x00000000   Number         0  stubs.o ABSOLUTE
    _printf_mbtowc                           0x00000000   Number         0  stubs.o ABSOLUTE
    _printf_n                                0x00000000   Number         0  stubs.o ABSOLUTE
    _printf_o                                0x00000000   Number         0  stubs.o ABSOLUTE
    _printf_p                                0x00000000   Number         0  stubs.o ABSOLUTE
    _printf_percent                          0x00000000   Number         0  stubs.o ABSOLUTE
    _printf_pre_padding                      0x00000000   Number         0  stubs.o ABSOLUTE
    _printf_return_value                     0x00000000   Number         0  stubs.o ABSOLUTE
    _printf_s                                0x00000000   Number         0  stubs.o ABSOLUTE
    _printf_sizespec                         0x00000000   Number         0  stubs.o ABSOLUTE
    _printf_str                              0x00000000   Number         0  stubs.o ABSOLUTE
    _printf_truncate_signed                  0x00000000   Number         0  stubs.o ABSOLUTE
    _printf_truncate_unsigned                0x00000000   Number         0  stubs.o ABSOLUTE
    _printf_u                                0x00000000   Number         0  stubs.o ABSOLUTE
    _printf_wc                               0x00000000   Number         0  stubs.o ABSOLUTE
    _printf_wctomb                           0x00000000   Number         0  stubs.o ABSOLUTE
    _printf_widthprec                        0x00000000   Number         0  stubs.o ABSOLUTE
    _printf_x                                0x00000000   Number         0  stubs.o ABSOLUTE
    __cpp_initialize__aeabi_                  - Undefined Weak Reference
    __cxa_finalize                            - Undefined Weak Reference
    _clock_init                               - Undefined Weak Reference
    _microlib_exit                            - Undefined Weak Reference
    __Vectors_Size                           0x00000130   Number         0  startup_stm32f10x_hd.o ABSOLUTE
    __Vectors                                0x08000000   Data           4  startup_stm32f10x_hd.o(RESET)
    __Vectors_End                            0x08000130   Data           0  startup_stm32f10x_hd.o(RESET)
    __main                                   0x08000131   Thumb Code     0  entry.o(.ARM.Collect$$$$00000000)
    _main_stk                                0x08000131   Thumb Code     0  entry2.o(.ARM.Collect$$$$00000001)
    _main_scatterload                        0x08000135   Thumb Code     0  entry5.o(.ARM.Collect$$$$00000004)
    __main_after_scatterload                 0x08000139   Thumb Code     0  entry5.o(.ARM.Collect$$$$00000004)
    _main_clock                              0x08000139   Thumb Code     0  entry7b.o(.ARM.Collect$$$$00000008)
    _main_cpp_init                           0x08000139   Thumb Code     0  entry8b.o(.ARM.Collect$$$$0000000A)
    _main_init                               0x08000139   Thumb Code     0  entry9a.o(.ARM.Collect$$$$0000000B)
    __rt_final_cpp                           0x08000141   Thumb Code     0  entry10a.o(.ARM.Collect$$$$0000000D)
    __rt_final_exit                          0x08000141   Thumb Code     0  entry11a.o(.ARM.Collect$$$$0000000F)
    Reset_Handler                            0x08000145   Thumb Code     8  startup_stm32f10x_hd.o(.text)
    ADC1_2_IRQHandler                        0x0800015f   Thumb Code     0  startup_stm32f10x_hd.o(.text)
    ADC3_IRQHandler                          0x0800015f   Thumb Code     0  startup_stm32f10x_hd.o(.text)
    CAN1_RX1_IRQHandler                      0x0800015f   Thumb Code     0  startup_stm32f10x_hd.o(.text)
    CAN1_SCE_IRQHandler                      0x0800015f   Thumb Code     0  startup_stm32f10x_hd.o(.text)
    DMA1_Channel1_IRQHandler                 0x0800015f   Thumb Code     0  startup_stm32f10x_hd.o(.text)
    DMA1_Channel2_IRQHandler                 0x0800015f   Thumb Code     0  startup_stm32f10x_hd.o(.text)
    DMA1_Channel3_IRQHandler                 0x0800015f   Thumb Code     0  startup_stm32f10x_hd.o(.text)
    DMA1_Channel4_IRQHandler                 0x0800015f   Thumb Code     0  startup_stm32f10x_hd.o(.text)
    DMA1_Channel5_IRQHandler                 0x0800015f   Thumb Code     0  startup_stm32f10x_hd.o(.text)
    DMA1_Channel6_IRQHandler                 0x0800015f   Thumb Code     0  startup_stm32f10x_hd.o(.text)
    DMA1_Channel7_IRQHandler                 0x0800015f   Thumb Code     0  startup_stm32f10x_hd.o(.text)
    DMA2_Channel1_IRQHandler                 0x0800015f   Thumb Code     0  startup_stm32f10x_hd.o(.text)
    DMA2_Channel2_IRQHandler                 0x0800015f   Thumb Code     0  startup_stm32f10x_hd.o(.text)
    DMA2_Channel3_IRQHandler                 0x0800015f   Thumb Code     0  startup_stm32f10x_hd.o(.text)
    DMA2_Channel4_5_IRQHandler               0x0800015f   Thumb Code     0  startup_stm32f10x_hd.o(.text)
    EXTI0_IRQHandler                         0x0800015f   Thumb Code     0  startup_stm32f10x_hd.o(.text)
    EXTI15_10_IRQHandler                     0x0800015f   Thumb Code     0  startup_stm32f10x_hd.o(.text)
    EXTI1_IRQHandler                         0x0800015f   Thumb Code     0  startup_stm32f10x_hd.o(.text)
    EXTI2_IRQHandler                         0x0800015f   Thumb Code     0  startup_stm32f10x_hd.o(.text)
    EXTI3_IRQHandler                         0x0800015f   Thumb Code     0  startup_stm32f10x_hd.o(.text)
    EXTI4_IRQHandler                         0x0800015f   Thumb Code     0  startup_stm32f10x_hd.o(.text)
    EXTI9_5_IRQHandler                       0x0800015f   Thumb Code     0  startup_stm32f10x_hd.o(.text)
    FLASH_IRQHandler                         0x0800015f   Thumb Code     0  startup_stm32f10x_hd.o(.text)
    FSMC_IRQHandler                          0x0800015f   Thumb Code     0  startup_stm32f10x_hd.o(.text)
    I2C1_ER_IRQHandler                       0x0800015f   Thumb Code     0  startup_stm32f10x_hd.o(.text)
    I2C1_EV_IRQHandler                       0x0800015f   Thumb Code     0  startup_stm32f10x_hd.o(.text)
    I2C2_ER_IRQHandler                       0x0800015f   Thumb Code     0  startup_stm32f10x_hd.o(.text)
    I2C2_EV_IRQHandler                       0x0800015f   Thumb Code     0  startup_stm32f10x_hd.o(.text)
    PVD_IRQHandler                           0x0800015f   Thumb Code     0  startup_stm32f10x_hd.o(.text)
    RCC_IRQHandler                           0x0800015f   Thumb Code     0  startup_stm32f10x_hd.o(.text)
    RTCAlarm_IRQHandler                      0x0800015f   Thumb Code     0  startup_stm32f10x_hd.o(.text)
    RTC_IRQHandler                           0x0800015f   Thumb Code     0  startup_stm32f10x_hd.o(.text)
    SDIO_IRQHandler                          0x0800015f   Thumb Code     0  startup_stm32f10x_hd.o(.text)
    SPI1_IRQHandler                          0x0800015f   Thumb Code     0  startup_stm32f10x_hd.o(.text)
    SPI2_IRQHandler                          0x0800015f   Thumb Code     0  startup_stm32f10x_hd.o(.text)
    SPI3_IRQHandler                          0x0800015f   Thumb Code     0  startup_stm32f10x_hd.o(.text)
    TAMPER_IRQHandler                        0x0800015f   Thumb Code     0  startup_stm32f10x_hd.o(.text)
    TIM1_BRK_IRQHandler                      0x0800015f   Thumb Code     0  startup_stm32f10x_hd.o(.text)
    TIM1_CC_IRQHandler                       0x0800015f   Thumb Code     0  startup_stm32f10x_hd.o(.text)
    TIM1_TRG_COM_IRQHandler                  0x0800015f   Thumb Code     0  startup_stm32f10x_hd.o(.text)
    TIM1_UP_IRQHandler                       0x0800015f   Thumb Code     0  startup_stm32f10x_hd.o(.text)
    TIM3_IRQHandler                          0x0800015f   Thumb Code     0  startup_stm32f10x_hd.o(.text)
    TIM4_IRQHandler                          0x0800015f   Thumb Code     0  startup_stm32f10x_hd.o(.text)
    TIM5_IRQHandler                          0x0800015f   Thumb Code     0  startup_stm32f10x_hd.o(.text)
    TIM6_IRQHandler                          0x0800015f   Thumb Code     0  startup_stm32f10x_hd.o(.text)
    TIM7_IRQHandler                          0x0800015f   Thumb Code     0  startup_stm32f10x_hd.o(.text)
    TIM8_BRK_IRQHandler                      0x0800015f   Thumb Code     0  startup_stm32f10x_hd.o(.text)
    TIM8_CC_IRQHandler                       0x0800015f   Thumb Code     0  startup_stm32f10x_hd.o(.text)
    TIM8_TRG_COM_IRQHandler                  0x0800015f   Thumb Code     0  startup_stm32f10x_hd.o(.text)
    TIM8_UP_IRQHandler                       0x0800015f   Thumb Code     0  startup_stm32f10x_hd.o(.text)
    USBWakeUp_IRQHandler                     0x0800015f   Thumb Code     0  startup_stm32f10x_hd.o(.text)
    USB_HP_CAN1_TX_IRQHandler                0x0800015f   Thumb Code     0  startup_stm32f10x_hd.o(.text)
    USB_LP_CAN1_RX0_IRQHandler               0x0800015f   Thumb Code     0  startup_stm32f10x_hd.o(.text)
    WWDG_IRQHandler                          0x0800015f   Thumb Code     0  startup_stm32f10x_hd.o(.text)
    main                                     0x08000169   Thumb Code   300  main.o(.text)
    SysClockInit                             0x080002a9   Thumb Code   110  physys.o(.text)
    PeripheralInit                           0x08000317   Thumb Code    48  physys.o(.text)
    PhySys_UsDelay                           0x08000347   Thumb Code    66  physys.o(.text)
    PhySys_IsOffset                          0x08000389   Thumb Code    68  physys.o(.text)
    PhyAdc_DmaInit                           0x080003d9   Thumb Code    82  phyadc.o(.text)
    PhyAdc_ADC1Init                          0x0800042b   Thumb Code   216  phyadc.o(.text)
    PhyAdc_GpioInit                          0x08000503   Thumb Code    52  phyadc.o(.text)
    PhyAdc_Init                              0x08000537   Thumb Code    16  phyadc.o(.text)
    PhyAdc_GetValue                          0x08000547   Thumb Code    80  phyadc.o(.text)
    PhyGpio_PeriphInit                       0x080005b1   Thumb Code   130  phygpio.o(.text)
    PhyGpio_ParamInit                        0x08000633   Thumb Code     2  phygpio.o(.text)
    PhyGpio_ReadFromPeriph                   0x08000635   Thumb Code     6  phygpio.o(.text)
    PhyIo_DiDeal                             0x0800063b   Thumb Code   102  phygpio.o(.text)
    PhyGpio_WriteToPeriph                    0x080006a1   Thumb Code    92  phygpio.o(.text)
    IwdgInit                                 0x08000711   Thumb Code    34  phyiwdg.o(.text)
    PhyUart_IrqInit                          0x08000735   Thumb Code   118  phyuart.o(.text)
    PhyUart_GpioInit                         0x080007ab   Thumb Code   344  phyuart.o(.text)
    PhyUart_PeripheralInit                   0x08000903   Thumb Code   224  phyuart.o(.text)
    PhyUart_RxDeal                           0x080009e3   Thumb Code    82  phyuart.o(.text)
    PhyUart_TxDeal                           0x08000a35   Thumb Code   312  phyuart.o(.text)
    USART1_IRQHandler                        0x08000b6d   Thumb Code   218  phyuart.o(.text)
    USART2_IRQHandler                        0x08000c47   Thumb Code   218  phyuart.o(.text)
    USART3_IRQHandler                        0x08000d21   Thumb Code   218  phyuart.o(.text)
    UART4_IRQHandler                         0x08000dfb   Thumb Code   218  phyuart.o(.text)
    UART5_IRQHandler                         0x08000ed5   Thumb Code   266  phyuart.o(.text)
    PhyUart_InitTim2                         0x08000fdf   Thumb Code    92  phyuart.o(.text)
    TIM2_IRQHandler                          0x0800103b   Thumb Code  1036  phyuart.o(.text)
    I2C_WriteByte                            0x08001451   Thumb Code   188  oled_i2c.o(.text)
    WriteDat                                 0x0800150d   Thumb Code    14  oled_i2c.o(.text)
    WriteCmd                                 0x0800151b   Thumb Code    14  oled_i2c.o(.text)
    OLED_Fill                                0x08001529   Thumb Code    82  oled_i2c.o(.text)
    OLED_Init                                0x0800157b   Thumb Code   362  oled_i2c.o(.text)
    I2C_Configuration                        0x080016e5   Thumb Code   110  oled_i2c.o(.text)
    PhyIIC_OLEDInit                          0x08001753   Thumb Code    18  oled_i2c.o(.text)
    OLED_WriteChar                           0x08001765   Thumb Code    60  oled_i2c.o(.text)
    OLED_SetPos                              0x080017a1   Thumb Code   106  oled_i2c.o(.text)
    OLED_ShowStr1                            0x0800180b   Thumb Code   188  oled_i2c.o(.text)
    ObjGpio_ParaInit                         0x080018d1   Thumb Code     2  objgpio.o(.text)
    ObjGpio_AdcDeal                          0x080018d3   Thumb Code     2  objgpio.o(.text)
    ObjGpio_BatHold                          0x080018d5   Thumb Code    64  objgpio.o(.text)
    ObjGpio_LedDeal                          0x08001915   Thumb Code   154  objgpio.o(.text)
    ObjGpio_InputDeal                        0x080019af   Thumb Code    12  objgpio.o(.text)
    ObjGpio_OutputDeal                       0x080019bb   Thumb Code    18  objgpio.o(.text)
    ObjSci_Uart1TxSlaveDeal                  0x080019e9   Thumb Code    12  objsci.o(.text)
    ObjSci_Uart1TxMasterDeal                 0x080019f5   Thumb Code   276  objsci.o(.text)
    ObjSci_CrcCalculate                      0x08001b09   Thumb Code    58  objsci.o(.text)
    ObjSci_DataDeal                          0x08001b43   Thumb Code   336  objsci.o(.text)
    ObjSci_Uart1RxDeal                       0x08001c93   Thumb Code    26  objsci.o(.text)
    ObjSci_Uart1MainDeal                     0x08001cad   Thumb Code    66  objsci.o(.text)
    ObjSci_Uart2MainDeal                     0x08001cef   Thumb Code    74  objsci.o(.text)
    ObjOLED_MainDeal                         0x08001d79   Thumb Code   874  objoled.o(.text)
    ObjAdc_CurrentDeal                       0x08002139   Thumb Code   642  objadc.o(.text)
    ObjAdc_MainDeal                          0x080023bb   Thumb Code   118  objadc.o(.text)
    NVIC_PriorityGroupConfig                 0x08002445   Thumb Code    10  misc.o(.text)
    NVIC_Init                                0x0800244f   Thumb Code   100  misc.o(.text)
    NVIC_SetVectorTable                      0x080024b3   Thumb Code    14  misc.o(.text)
    NVIC_SystemLPConfig                      0x080024c1   Thumb Code    34  misc.o(.text)
    SysTick_CLKSourceConfig                  0x080024e3   Thumb Code    40  misc.o(.text)
    ADC_DeInit                               0x08002521   Thumb Code    78  stm32f10x_adc.o(.text)
    ADC_Init                                 0x0800256f   Thumb Code    70  stm32f10x_adc.o(.text)
    ADC_StructInit                           0x080025b5   Thumb Code    18  stm32f10x_adc.o(.text)
    ADC_Cmd                                  0x080025c7   Thumb Code    22  stm32f10x_adc.o(.text)
    ADC_DMACmd                               0x080025dd   Thumb Code    22  stm32f10x_adc.o(.text)
    ADC_ITConfig                             0x080025f3   Thumb Code    24  stm32f10x_adc.o(.text)
    ADC_ResetCalibration                     0x0800260b   Thumb Code    10  stm32f10x_adc.o(.text)
    ADC_GetResetCalibrationStatus            0x08002615   Thumb Code    20  stm32f10x_adc.o(.text)
    ADC_StartCalibration                     0x08002629   Thumb Code    10  stm32f10x_adc.o(.text)
    ADC_GetCalibrationStatus                 0x08002633   Thumb Code    20  stm32f10x_adc.o(.text)
    ADC_SoftwareStartConvCmd                 0x08002647   Thumb Code    22  stm32f10x_adc.o(.text)
    ADC_GetSoftwareStartConvStatus           0x0800265d   Thumb Code    20  stm32f10x_adc.o(.text)
    ADC_DiscModeChannelCountConfig           0x08002671   Thumb Code    24  stm32f10x_adc.o(.text)
    ADC_DiscModeCmd                          0x08002689   Thumb Code    22  stm32f10x_adc.o(.text)
    ADC_RegularChannelConfig                 0x0800269f   Thumb Code   184  stm32f10x_adc.o(.text)
    ADC_ExternalTrigConvCmd                  0x08002757   Thumb Code    22  stm32f10x_adc.o(.text)
    ADC_GetConversionValue                   0x0800276d   Thumb Code     8  stm32f10x_adc.o(.text)
    ADC_GetDualModeConversionValue           0x08002775   Thumb Code     8  stm32f10x_adc.o(.text)
    ADC_AutoInjectedConvCmd                  0x0800277d   Thumb Code    22  stm32f10x_adc.o(.text)
    ADC_InjectedDiscModeCmd                  0x08002793   Thumb Code    22  stm32f10x_adc.o(.text)
    ADC_ExternalTrigInjectedConvConfig       0x080027a9   Thumb Code    16  stm32f10x_adc.o(.text)
    ADC_ExternalTrigInjectedConvCmd          0x080027b9   Thumb Code    22  stm32f10x_adc.o(.text)
    ADC_SoftwareStartInjectedConvCmd         0x080027cf   Thumb Code    22  stm32f10x_adc.o(.text)
    ADC_GetSoftwareStartInjectedConvCmdStatus 0x080027e5   Thumb Code    20  stm32f10x_adc.o(.text)
    ADC_InjectedChannelConfig                0x080027f9   Thumb Code   130  stm32f10x_adc.o(.text)
    ADC_InjectedSequencerLengthConfig        0x0800287b   Thumb Code    24  stm32f10x_adc.o(.text)
    ADC_SetInjectedOffset                    0x08002893   Thumb Code    20  stm32f10x_adc.o(.text)
    ADC_GetInjectedConversionValue           0x080028a7   Thumb Code    28  stm32f10x_adc.o(.text)
    ADC_AnalogWatchdogCmd                    0x080028c3   Thumb Code    16  stm32f10x_adc.o(.text)
    ADC_AnalogWatchdogThresholdsConfig       0x080028d3   Thumb Code     6  stm32f10x_adc.o(.text)
    ADC_AnalogWatchdogSingleChannelConfig    0x080028d9   Thumb Code    16  stm32f10x_adc.o(.text)
    ADC_TempSensorVrefintCmd                 0x080028e9   Thumb Code    64  stm32f10x_adc.o(.text)
    ADC_GetFlagStatus                        0x08002929   Thumb Code    18  stm32f10x_adc.o(.text)
    ADC_ClearFlag                            0x0800293b   Thumb Code     6  stm32f10x_adc.o(.text)
    ADC_GetITStatus                          0x08002941   Thumb Code    36  stm32f10x_adc.o(.text)
    ADC_ClearITPendingBit                    0x08002965   Thumb Code    10  stm32f10x_adc.o(.text)
    DMA_DeInit                               0x08002971   Thumb Code   322  stm32f10x_dma.o(.text)
    DMA_Init                                 0x08002ab3   Thumb Code    60  stm32f10x_dma.o(.text)
    DMA_StructInit                           0x08002aef   Thumb Code    26  stm32f10x_dma.o(.text)
    DMA_Cmd                                  0x08002b09   Thumb Code    22  stm32f10x_dma.o(.text)
    DMA_ITConfig                             0x08002b1f   Thumb Code    18  stm32f10x_dma.o(.text)
    DMA_GetCurrDataCounter                   0x08002b31   Thumb Code     8  stm32f10x_dma.o(.text)
    DMA_GetFlagStatus                        0x08002b39   Thumb Code    40  stm32f10x_dma.o(.text)
    DMA_ClearFlag                            0x08002b61   Thumb Code    22  stm32f10x_dma.o(.text)
    DMA_GetITStatus                          0x08002b77   Thumb Code    40  stm32f10x_dma.o(.text)
    DMA_ClearITPendingBit                    0x08002b9f   Thumb Code    22  stm32f10x_dma.o(.text)
    FLASH_SetLatency                         0x08002bbd   Thumb Code    18  stm32f10x_flash.o(.text)
    FLASH_HalfCycleAccessCmd                 0x08002bcf   Thumb Code    22  stm32f10x_flash.o(.text)
    FLASH_PrefetchBufferCmd                  0x08002be5   Thumb Code    22  stm32f10x_flash.o(.text)
    FLASH_Unlock                             0x08002bfb   Thumb Code    12  stm32f10x_flash.o(.text)
    FLASH_UnlockBank1                        0x08002c07   Thumb Code    12  stm32f10x_flash.o(.text)
    FLASH_Lock                               0x08002c13   Thumb Code    14  stm32f10x_flash.o(.text)
    FLASH_LockBank1                          0x08002c21   Thumb Code    14  stm32f10x_flash.o(.text)
    FLASH_GetBank1Status                     0x08002c2f   Thumb Code    48  stm32f10x_flash.o(.text)
    FLASH_WaitForLastOperation               0x08002c5f   Thumb Code    38  stm32f10x_flash.o(.text)
    FLASH_ErasePage                          0x08002c85   Thumb Code    76  stm32f10x_flash.o(.text)
    FLASH_EraseAllPages                      0x08002cd1   Thumb Code    72  stm32f10x_flash.o(.text)
    FLASH_WaitForLastBank1Operation          0x08002d19   Thumb Code    38  stm32f10x_flash.o(.text)
    FLASH_EraseAllBank1Pages                 0x08002d3f   Thumb Code    72  stm32f10x_flash.o(.text)
    FLASH_GetReadOutProtectionStatus         0x08002d87   Thumb Code    20  stm32f10x_flash.o(.text)
    FLASH_EraseOptionBytes                   0x08002d9b   Thumb Code   150  stm32f10x_flash.o(.text)
    FLASH_ProgramWord                        0x08002e31   Thumb Code   110  stm32f10x_flash.o(.text)
    FLASH_ProgramHalfWord                    0x08002e9f   Thumb Code    64  stm32f10x_flash.o(.text)
    FLASH_ProgramOptionByteData              0x08002edf   Thumb Code    72  stm32f10x_flash.o(.text)
    FLASH_EnableWriteProtection              0x08002f27   Thumb Code   202  stm32f10x_flash.o(.text)
    FLASH_ReadOutProtection                  0x08002ff1   Thumb Code   156  stm32f10x_flash.o(.text)
    FLASH_UserOptionByteConfig               0x0800308d   Thumb Code    88  stm32f10x_flash.o(.text)
    FLASH_GetUserOptionByte                  0x080030e5   Thumb Code     8  stm32f10x_flash.o(.text)
    FLASH_GetWriteProtectionOptionByte       0x080030ed   Thumb Code     6  stm32f10x_flash.o(.text)
    FLASH_GetPrefetchBufferStatus            0x080030f3   Thumb Code    20  stm32f10x_flash.o(.text)
    FLASH_ITConfig                           0x08003107   Thumb Code    26  stm32f10x_flash.o(.text)
    FLASH_GetFlagStatus                      0x08003121   Thumb Code    42  stm32f10x_flash.o(.text)
    FLASH_ClearFlag                          0x0800314b   Thumb Code     6  stm32f10x_flash.o(.text)
    FLASH_GetStatus                          0x08003151   Thumb Code    48  stm32f10x_flash.o(.text)
    GPIO_DeInit                              0x08003191   Thumb Code   172  stm32f10x_gpio.o(.text)
    GPIO_AFIODeInit                          0x0800323d   Thumb Code    20  stm32f10x_gpio.o(.text)
    GPIO_Init                                0x08003251   Thumb Code   278  stm32f10x_gpio.o(.text)
    GPIO_StructInit                          0x08003367   Thumb Code    16  stm32f10x_gpio.o(.text)
    GPIO_ReadInputDataBit                    0x08003377   Thumb Code    18  stm32f10x_gpio.o(.text)
    GPIO_ReadInputData                       0x08003389   Thumb Code     8  stm32f10x_gpio.o(.text)
    GPIO_ReadOutputDataBit                   0x08003391   Thumb Code    18  stm32f10x_gpio.o(.text)
    GPIO_ReadOutputData                      0x080033a3   Thumb Code     8  stm32f10x_gpio.o(.text)
    GPIO_SetBits                             0x080033ab   Thumb Code     4  stm32f10x_gpio.o(.text)
    GPIO_ResetBits                           0x080033af   Thumb Code     4  stm32f10x_gpio.o(.text)
    GPIO_WriteBit                            0x080033b3   Thumb Code    10  stm32f10x_gpio.o(.text)
    GPIO_Write                               0x080033bd   Thumb Code     4  stm32f10x_gpio.o(.text)
    GPIO_PinLockConfig                       0x080033c1   Thumb Code    18  stm32f10x_gpio.o(.text)
    GPIO_EventOutputConfig                   0x080033d3   Thumb Code    26  stm32f10x_gpio.o(.text)
    GPIO_EventOutputCmd                      0x080033ed   Thumb Code     6  stm32f10x_gpio.o(.text)
    GPIO_PinRemapConfig                      0x080033f3   Thumb Code   138  stm32f10x_gpio.o(.text)
    GPIO_EXTILineConfig                      0x0800347d   Thumb Code    66  stm32f10x_gpio.o(.text)
    GPIO_ETH_MediaInterfaceConfig            0x080034bf   Thumb Code     8  stm32f10x_gpio.o(.text)
    I2C_DeInit                               0x080034ed   Thumb Code    50  stm32f10x_i2c.o(.text)
    I2C_Init                                 0x0800351f   Thumb Code   222  stm32f10x_i2c.o(.text)
    I2C_StructInit                           0x080035fd   Thumb Code    30  stm32f10x_i2c.o(.text)
    I2C_Cmd                                  0x0800361b   Thumb Code    24  stm32f10x_i2c.o(.text)
    I2C_DMACmd                               0x08003633   Thumb Code    24  stm32f10x_i2c.o(.text)
    I2C_DMALastTransferCmd                   0x0800364b   Thumb Code    24  stm32f10x_i2c.o(.text)
    I2C_GenerateSTART                        0x08003663   Thumb Code    24  stm32f10x_i2c.o(.text)
    I2C_GenerateSTOP                         0x0800367b   Thumb Code    24  stm32f10x_i2c.o(.text)
    I2C_AcknowledgeConfig                    0x08003693   Thumb Code    24  stm32f10x_i2c.o(.text)
    I2C_OwnAddress2Config                    0x080036ab   Thumb Code    22  stm32f10x_i2c.o(.text)
    I2C_DualAddressCmd                       0x080036c1   Thumb Code    24  stm32f10x_i2c.o(.text)
    I2C_GeneralCallCmd                       0x080036d9   Thumb Code    24  stm32f10x_i2c.o(.text)
    I2C_ITConfig                             0x080036f1   Thumb Code    18  stm32f10x_i2c.o(.text)
    I2C_SendData                             0x08003703   Thumb Code     4  stm32f10x_i2c.o(.text)
    I2C_ReceiveData                          0x08003707   Thumb Code     8  stm32f10x_i2c.o(.text)
    I2C_Send7bitAddress                      0x0800370f   Thumb Code    18  stm32f10x_i2c.o(.text)
    I2C_ReadRegister                         0x08003721   Thumb Code    22  stm32f10x_i2c.o(.text)
    I2C_SoftwareResetCmd                     0x08003737   Thumb Code    22  stm32f10x_i2c.o(.text)
    I2C_SMBusAlertConfig                     0x0800374d   Thumb Code    28  stm32f10x_i2c.o(.text)
    I2C_TransmitPEC                          0x08003769   Thumb Code    24  stm32f10x_i2c.o(.text)
    I2C_PECPositionConfig                    0x08003781   Thumb Code    28  stm32f10x_i2c.o(.text)
    I2C_CalculatePEC                         0x0800379d   Thumb Code    24  stm32f10x_i2c.o(.text)
    I2C_GetPEC                               0x080037b5   Thumb Code     8  stm32f10x_i2c.o(.text)
    I2C_ARPCmd                               0x080037bd   Thumb Code    24  stm32f10x_i2c.o(.text)
    I2C_StretchClockCmd                      0x080037d5   Thumb Code    24  stm32f10x_i2c.o(.text)
    I2C_FastModeDutyCycleConfig              0x080037ed   Thumb Code    28  stm32f10x_i2c.o(.text)
    I2C_CheckEvent                           0x08003809   Thumb Code    42  stm32f10x_i2c.o(.text)
    I2C_GetLastEvent                         0x08003833   Thumb Code    26  stm32f10x_i2c.o(.text)
    I2C_GetFlagStatus                        0x0800384d   Thumb Code    58  stm32f10x_i2c.o(.text)
    I2C_ClearFlag                            0x08003887   Thumb Code    12  stm32f10x_i2c.o(.text)
    I2C_GetITStatus                          0x08003893   Thumb Code    38  stm32f10x_i2c.o(.text)
    I2C_ClearITPendingBit                    0x080038b9   Thumb Code    12  stm32f10x_i2c.o(.text)
    NMI_Handler                              0x080038d5   Thumb Code     2  stm32f10x_it.o(.text)
    HardFault_Handler                        0x080038d7   Thumb Code     4  stm32f10x_it.o(.text)
    MemManage_Handler                        0x080038db   Thumb Code     4  stm32f10x_it.o(.text)
    BusFault_Handler                         0x080038df   Thumb Code     4  stm32f10x_it.o(.text)
    UsageFault_Handler                       0x080038e3   Thumb Code     4  stm32f10x_it.o(.text)
    SVC_Handler                              0x080038e7   Thumb Code     2  stm32f10x_it.o(.text)
    DebugMon_Handler                         0x080038e9   Thumb Code     2  stm32f10x_it.o(.text)
    PendSV_Handler                           0x080038eb   Thumb Code     2  stm32f10x_it.o(.text)
    SysTick_Handler                          0x080038ed   Thumb Code     2  stm32f10x_it.o(.text)
    IWDG_WriteAccessCmd                      0x080038f1   Thumb Code     6  stm32f10x_iwdg.o(.text)
    IWDG_SetPrescaler                        0x080038f7   Thumb Code     6  stm32f10x_iwdg.o(.text)
    IWDG_SetReload                           0x080038fd   Thumb Code     6  stm32f10x_iwdg.o(.text)
    IWDG_ReloadCounter                       0x08003903   Thumb Code    10  stm32f10x_iwdg.o(.text)
    IWDG_Enable                              0x0800390d   Thumb Code    10  stm32f10x_iwdg.o(.text)
    IWDG_GetFlagStatus                       0x08003917   Thumb Code    20  stm32f10x_iwdg.o(.text)
    RCC_DeInit                               0x08003931   Thumb Code    64  stm32f10x_rcc.o(.text)
    RCC_HSEConfig                            0x08003971   Thumb Code    70  stm32f10x_rcc.o(.text)
    RCC_GetFlagStatus                        0x080039b7   Thumb Code    56  stm32f10x_rcc.o(.text)
    RCC_WaitForHSEStartUp                    0x080039ef   Thumb Code    56  stm32f10x_rcc.o(.text)
    RCC_AdjustHSICalibrationValue            0x08003a27   Thumb Code    20  stm32f10x_rcc.o(.text)
    RCC_HSICmd                               0x08003a3b   Thumb Code     6  stm32f10x_rcc.o(.text)
    RCC_PLLConfig                            0x08003a41   Thumb Code    24  stm32f10x_rcc.o(.text)
    RCC_PLLCmd                               0x08003a59   Thumb Code     6  stm32f10x_rcc.o(.text)
    RCC_SYSCLKConfig                         0x08003a5f   Thumb Code    18  stm32f10x_rcc.o(.text)
    RCC_GetSYSCLKSource                      0x08003a71   Thumb Code    10  stm32f10x_rcc.o(.text)
    RCC_HCLKConfig                           0x08003a7b   Thumb Code    18  stm32f10x_rcc.o(.text)
    RCC_PCLK1Config                          0x08003a8d   Thumb Code    18  stm32f10x_rcc.o(.text)
    RCC_PCLK2Config                          0x08003a9f   Thumb Code    20  stm32f10x_rcc.o(.text)
    RCC_ITConfig                             0x08003ab3   Thumb Code    26  stm32f10x_rcc.o(.text)
    RCC_USBCLKConfig                         0x08003acd   Thumb Code     8  stm32f10x_rcc.o(.text)
    RCC_ADCCLKConfig                         0x08003ad5   Thumb Code    18  stm32f10x_rcc.o(.text)
    RCC_LSEConfig                            0x08003ae7   Thumb Code    50  stm32f10x_rcc.o(.text)
    RCC_LSICmd                               0x08003b19   Thumb Code     6  stm32f10x_rcc.o(.text)
    RCC_RTCCLKConfig                         0x08003b1f   Thumb Code    12  stm32f10x_rcc.o(.text)
    RCC_RTCCLKCmd                            0x08003b2b   Thumb Code     8  stm32f10x_rcc.o(.text)
    RCC_GetClocksFreq                        0x08003b33   Thumb Code   192  stm32f10x_rcc.o(.text)
    RCC_AHBPeriphClockCmd                    0x08003bf3   Thumb Code    26  stm32f10x_rcc.o(.text)
    RCC_APB2PeriphClockCmd                   0x08003c0d   Thumb Code    26  stm32f10x_rcc.o(.text)
    RCC_APB1PeriphClockCmd                   0x08003c27   Thumb Code    26  stm32f10x_rcc.o(.text)
    RCC_APB2PeriphResetCmd                   0x08003c41   Thumb Code    26  stm32f10x_rcc.o(.text)
    RCC_APB1PeriphResetCmd                   0x08003c5b   Thumb Code    26  stm32f10x_rcc.o(.text)
    RCC_BackupResetCmd                       0x08003c75   Thumb Code     8  stm32f10x_rcc.o(.text)
    RCC_ClockSecuritySystemCmd               0x08003c7d   Thumb Code     6  stm32f10x_rcc.o(.text)
    RCC_MCOConfig                            0x08003c83   Thumb Code     6  stm32f10x_rcc.o(.text)
    RCC_ClearFlag                            0x08003c89   Thumb Code    14  stm32f10x_rcc.o(.text)
    RCC_GetITStatus                          0x08003c97   Thumb Code    20  stm32f10x_rcc.o(.text)
    RCC_ClearITPendingBit                    0x08003cab   Thumb Code     6  stm32f10x_rcc.o(.text)
    TIM_DeInit                               0x08003cd5   Thumb Code   424  stm32f10x_tim.o(.text)
    TIM_TimeBaseInit                         0x08003e7d   Thumb Code   122  stm32f10x_tim.o(.text)
    TIM_OC1Init                              0x08003ef7   Thumb Code   132  stm32f10x_tim.o(.text)
    TIM_OC2Init                              0x08003f7b   Thumb Code   154  stm32f10x_tim.o(.text)
    TIM_OC3Init                              0x08004015   Thumb Code   150  stm32f10x_tim.o(.text)
    TIM_OC4Init                              0x080040ab   Thumb Code   182  stm32f10x_tim.o(.text)
    TIM_SetIC4Prescaler                      0x08004161   Thumb Code    26  stm32f10x_tim.o(.text)
    TIM_SetIC3Prescaler                      0x080041cb   Thumb Code    18  stm32f10x_tim.o(.text)
    TIM_SetIC2Prescaler                      0x08004225   Thumb Code    26  stm32f10x_tim.o(.text)
    TIM_SetIC1Prescaler                      0x0800428f   Thumb Code    18  stm32f10x_tim.o(.text)
    TIM_ICInit                               0x080042d9   Thumb Code   110  stm32f10x_tim.o(.text)
    TIM_PWMIConfig                           0x08004347   Thumb Code   124  stm32f10x_tim.o(.text)
    TIM_BDTRConfig                           0x080043c3   Thumb Code    32  stm32f10x_tim.o(.text)
    TIM_TimeBaseStructInit                   0x080043e3   Thumb Code    18  stm32f10x_tim.o(.text)
    TIM_OCStructInit                         0x080043f5   Thumb Code    20  stm32f10x_tim.o(.text)
    TIM_ICStructInit                         0x08004409   Thumb Code    18  stm32f10x_tim.o(.text)
    TIM_BDTRStructInit                       0x0800441b   Thumb Code    18  stm32f10x_tim.o(.text)
    TIM_Cmd                                  0x0800442d   Thumb Code    24  stm32f10x_tim.o(.text)
    TIM_CtrlPWMOutputs                       0x08004445   Thumb Code    30  stm32f10x_tim.o(.text)
    TIM_ITConfig                             0x08004463   Thumb Code    18  stm32f10x_tim.o(.text)
    TIM_GenerateEvent                        0x08004475   Thumb Code     4  stm32f10x_tim.o(.text)
    TIM_DMAConfig                            0x08004479   Thumb Code    10  stm32f10x_tim.o(.text)
    TIM_DMACmd                               0x08004483   Thumb Code    18  stm32f10x_tim.o(.text)
    TIM_InternalClockConfig                  0x08004495   Thumb Code    12  stm32f10x_tim.o(.text)
    TIM_SelectInputTrigger                   0x080044a1   Thumb Code    18  stm32f10x_tim.o(.text)
    TIM_ITRxExternalClockConfig              0x080044b3   Thumb Code    24  stm32f10x_tim.o(.text)
    TIM_TIxExternalClockConfig               0x080044cb   Thumb Code    62  stm32f10x_tim.o(.text)
    TIM_ETRConfig                            0x08004509   Thumb Code    36  stm32f10x_tim.o(.text)
    TIM_ETRClockMode1Config                  0x0800452d   Thumb Code    54  stm32f10x_tim.o(.text)
    TIM_ETRClockMode2Config                  0x08004563   Thumb Code    32  stm32f10x_tim.o(.text)
    TIM_PrescalerConfig                      0x08004583   Thumb Code     6  stm32f10x_tim.o(.text)
    TIM_CounterModeConfig                    0x08004589   Thumb Code    18  stm32f10x_tim.o(.text)
    TIM_EncoderInterfaceConfig               0x0800459b   Thumb Code    66  stm32f10x_tim.o(.text)
    TIM_ForcedOC1Config                      0x080045dd   Thumb Code    18  stm32f10x_tim.o(.text)
    TIM_ForcedOC2Config                      0x080045ef   Thumb Code    26  stm32f10x_tim.o(.text)
    TIM_ForcedOC3Config                      0x08004609   Thumb Code    18  stm32f10x_tim.o(.text)
    TIM_ForcedOC4Config                      0x0800461b   Thumb Code    26  stm32f10x_tim.o(.text)
    TIM_ARRPreloadConfig                     0x08004635   Thumb Code    24  stm32f10x_tim.o(.text)
    TIM_SelectCOM                            0x0800464d   Thumb Code    24  stm32f10x_tim.o(.text)
    TIM_SelectCCDMA                          0x08004665   Thumb Code    24  stm32f10x_tim.o(.text)
    TIM_CCPreloadControl                     0x0800467d   Thumb Code    24  stm32f10x_tim.o(.text)
    TIM_OC1PreloadConfig                     0x08004695   Thumb Code    18  stm32f10x_tim.o(.text)
    TIM_OC2PreloadConfig                     0x080046a7   Thumb Code    26  stm32f10x_tim.o(.text)
    TIM_OC3PreloadConfig                     0x080046c1   Thumb Code    18  stm32f10x_tim.o(.text)
    TIM_OC4PreloadConfig                     0x080046d3   Thumb Code    26  stm32f10x_tim.o(.text)
    TIM_OC1FastConfig                        0x080046ed   Thumb Code    18  stm32f10x_tim.o(.text)
    TIM_OC2FastConfig                        0x080046ff   Thumb Code    26  stm32f10x_tim.o(.text)
    TIM_OC3FastConfig                        0x08004719   Thumb Code    18  stm32f10x_tim.o(.text)
    TIM_OC4FastConfig                        0x0800472b   Thumb Code    26  stm32f10x_tim.o(.text)
    TIM_ClearOC1Ref                          0x08004745   Thumb Code    18  stm32f10x_tim.o(.text)
    TIM_ClearOC2Ref                          0x08004757   Thumb Code    24  stm32f10x_tim.o(.text)
    TIM_ClearOC3Ref                          0x0800476f   Thumb Code    18  stm32f10x_tim.o(.text)
    TIM_ClearOC4Ref                          0x08004781   Thumb Code    24  stm32f10x_tim.o(.text)
    TIM_OC1PolarityConfig                    0x08004799   Thumb Code    18  stm32f10x_tim.o(.text)
    TIM_OC1NPolarityConfig                   0x080047ab   Thumb Code    18  stm32f10x_tim.o(.text)
    TIM_OC2PolarityConfig                    0x080047bd   Thumb Code    26  stm32f10x_tim.o(.text)
    TIM_OC2NPolarityConfig                   0x080047d7   Thumb Code    26  stm32f10x_tim.o(.text)
    TIM_OC3PolarityConfig                    0x080047f1   Thumb Code    26  stm32f10x_tim.o(.text)
    TIM_OC3NPolarityConfig                   0x0800480b   Thumb Code    26  stm32f10x_tim.o(.text)
    TIM_OC4PolarityConfig                    0x08004825   Thumb Code    26  stm32f10x_tim.o(.text)
    TIM_CCxCmd                               0x0800483f   Thumb Code    30  stm32f10x_tim.o(.text)
    TIM_CCxNCmd                              0x0800485d   Thumb Code    30  stm32f10x_tim.o(.text)
    TIM_SelectOCxM                           0x0800487b   Thumb Code    82  stm32f10x_tim.o(.text)
    TIM_UpdateDisableConfig                  0x080048cd   Thumb Code    24  stm32f10x_tim.o(.text)
    TIM_UpdateRequestConfig                  0x080048e5   Thumb Code    24  stm32f10x_tim.o(.text)
    TIM_SelectHallSensor                     0x080048fd   Thumb Code    24  stm32f10x_tim.o(.text)
    TIM_SelectOnePulseMode                   0x08004915   Thumb Code    18  stm32f10x_tim.o(.text)
    TIM_SelectOutputTrigger                  0x08004927   Thumb Code    18  stm32f10x_tim.o(.text)
    TIM_SelectSlaveMode                      0x08004939   Thumb Code    18  stm32f10x_tim.o(.text)
    TIM_SelectMasterSlaveMode                0x0800494b   Thumb Code    18  stm32f10x_tim.o(.text)
    TIM_SetCounter                           0x0800495d   Thumb Code     4  stm32f10x_tim.o(.text)
    TIM_SetAutoreload                        0x08004961   Thumb Code     4  stm32f10x_tim.o(.text)
    TIM_SetCompare1                          0x08004965   Thumb Code     4  stm32f10x_tim.o(.text)
    TIM_SetCompare2                          0x08004969   Thumb Code     4  stm32f10x_tim.o(.text)
    TIM_SetCompare3                          0x0800496d   Thumb Code     4  stm32f10x_tim.o(.text)
    TIM_SetCompare4                          0x08004971   Thumb Code     6  stm32f10x_tim.o(.text)
    TIM_SetClockDivision                     0x08004977   Thumb Code    18  stm32f10x_tim.o(.text)
    TIM_GetCapture1                          0x08004989   Thumb Code     6  stm32f10x_tim.o(.text)
    TIM_GetCapture2                          0x0800498f   Thumb Code     6  stm32f10x_tim.o(.text)
    TIM_GetCapture3                          0x08004995   Thumb Code     6  stm32f10x_tim.o(.text)
    TIM_GetCapture4                          0x0800499b   Thumb Code     8  stm32f10x_tim.o(.text)
    TIM_GetCounter                           0x080049a3   Thumb Code     6  stm32f10x_tim.o(.text)
    TIM_GetPrescaler                         0x080049a9   Thumb Code     6  stm32f10x_tim.o(.text)
    TIM_GetFlagStatus                        0x080049af   Thumb Code    18  stm32f10x_tim.o(.text)
    TIM_ClearFlag                            0x080049c1   Thumb Code     6  stm32f10x_tim.o(.text)
    TIM_GetITStatus                          0x080049c7   Thumb Code    34  stm32f10x_tim.o(.text)
    TIM_ClearITPendingBit                    0x080049e9   Thumb Code     6  stm32f10x_tim.o(.text)
    USART_DeInit                             0x080049f1   Thumb Code   134  stm32f10x_usart.o(.text)
    USART_Init                               0x08004a77   Thumb Code   210  stm32f10x_usart.o(.text)
    USART_StructInit                         0x08004b49   Thumb Code    24  stm32f10x_usart.o(.text)
    USART_ClockInit                          0x08004b61   Thumb Code    34  stm32f10x_usart.o(.text)
    USART_ClockStructInit                    0x08004b83   Thumb Code    12  stm32f10x_usart.o(.text)
    USART_Cmd                                0x08004b8f   Thumb Code    24  stm32f10x_usart.o(.text)
    USART_ITConfig                           0x08004ba7   Thumb Code    74  stm32f10x_usart.o(.text)
    USART_DMACmd                             0x08004bf1   Thumb Code    18  stm32f10x_usart.o(.text)
    USART_SetAddress                         0x08004c03   Thumb Code    18  stm32f10x_usart.o(.text)
    USART_WakeUpConfig                       0x08004c15   Thumb Code    18  stm32f10x_usart.o(.text)
    USART_ReceiverWakeUpCmd                  0x08004c27   Thumb Code    24  stm32f10x_usart.o(.text)
    USART_LINBreakDetectLengthConfig         0x08004c3f   Thumb Code    18  stm32f10x_usart.o(.text)
    USART_LINCmd                             0x08004c51   Thumb Code    24  stm32f10x_usart.o(.text)
    USART_SendData                           0x08004c69   Thumb Code     8  stm32f10x_usart.o(.text)
    USART_ReceiveData                        0x08004c71   Thumb Code    10  stm32f10x_usart.o(.text)
    USART_SendBreak                          0x08004c7b   Thumb Code    10  stm32f10x_usart.o(.text)
    USART_SetGuardTime                       0x08004c85   Thumb Code    16  stm32f10x_usart.o(.text)
    USART_SetPrescaler                       0x08004c95   Thumb Code    16  stm32f10x_usart.o(.text)
    USART_SmartCardCmd                       0x08004ca5   Thumb Code    24  stm32f10x_usart.o(.text)
    USART_SmartCardNACKCmd                   0x08004cbd   Thumb Code    24  stm32f10x_usart.o(.text)
    USART_HalfDuplexCmd                      0x08004cd5   Thumb Code    24  stm32f10x_usart.o(.text)
    USART_OverSampling8Cmd                   0x08004ced   Thumb Code    22  stm32f10x_usart.o(.text)
    USART_OneBitMethodCmd                    0x08004d03   Thumb Code    24  stm32f10x_usart.o(.text)
    USART_IrDAConfig                         0x08004d1b   Thumb Code    18  stm32f10x_usart.o(.text)
    USART_IrDACmd                            0x08004d2d   Thumb Code    24  stm32f10x_usart.o(.text)
    USART_GetFlagStatus                      0x08004d45   Thumb Code    26  stm32f10x_usart.o(.text)
    USART_ClearFlag                          0x08004d5f   Thumb Code    18  stm32f10x_usart.o(.text)
    USART_GetITStatus                        0x08004d71   Thumb Code    84  stm32f10x_usart.o(.text)
    USART_ClearITPendingBit                  0x08004dc5   Thumb Code    52  stm32f10x_usart.o(.text)
    SystemInit                               0x08004ed7   Thumb Code    70  system_stm32f10x.o(.text)
    SystemCoreClockUpdate                    0x08004f1d   Thumb Code   142  system_stm32f10x.o(.text)
    __aeabi_memset                           0x08004fcd   Thumb Code    14  memseta.o(.text)
    __aeabi_memset4                          0x08004fcd   Thumb Code     0  memseta.o(.text)
    __aeabi_memset8                          0x08004fcd   Thumb Code     0  memseta.o(.text)
    __aeabi_memclr                           0x08004fdb   Thumb Code     4  memseta.o(.text)
    __aeabi_memclr4                          0x08004fdb   Thumb Code     0  memseta.o(.text)
    __aeabi_memclr8                          0x08004fdb   Thumb Code     0  memseta.o(.text)
    _memset$wrapper                          0x08004fdf   Thumb Code    18  memseta.o(.text)
    strcat                                   0x08004ff1   Thumb Code    24  strcat.o(.text)
    strlen                                   0x08005009   Thumb Code    14  strlen.o(.text)
    __aeabi_uidiv                            0x08005017   Thumb Code     0  uidiv.o(.text)
    __aeabi_uidivmod                         0x08005017   Thumb Code    44  uidiv.o(.text)
    __scatterload                            0x08005045   Thumb Code    28  init.o(.text)
    __scatterload_rt2                        0x08005045   Thumb Code     0  init.o(.text)
    __decompress                             0x08005069   Thumb Code     0  __dczerorl2.o(.text)
    __decompress1                            0x08005069   Thumb Code    86  __dczerorl2.o(.text)
    __0sprintf$1                             0x080050c1   Thumb Code    34  printf1.o(i.__0sprintf$1)
    __1sprintf$1                             0x080050c1   Thumb Code     0  printf1.o(i.__0sprintf$1)
    __2sprintf                               0x080050c1   Thumb Code     0  printf1.o(i.__0sprintf$1)
    __scatterload_copy                       0x080050e9   Thumb Code    14  handlers.o(i.__scatterload_copy)
    __scatterload_null                       0x080050f7   Thumb Code     2  handlers.o(i.__scatterload_null)
    __scatterload_zeroinit                   0x080050f9   Thumb Code    14  handlers.o(i.__scatterload_zeroinit)
    F6x8                                     0x08005266   Data         552  oled_i2c.o(.constdata)
    F8X16                                    0x0800548e   Data        1520  oled_i2c.o(.constdata)
    Region$$Table$$Base                      0x08005a80   Number         0  anon$$obj.o(Region$$Table)
    Region$$Table$$Limit                     0x08005aa0   Number         0  anon$$obj.o(Region$$Table)
    ul_baseTime                              0x20000000   Data           4  main.o(.data)
    us_timerTicker                           0x20000004   Data           2  main.o(.data)
    uc_dealStep                              0x20000006   Data           1  main.o(.data)
    HSEStartUpStatus                         0x20000007   Data           1  physys.o(.data)
    ul_phyIo_terminal                        0x20000008   Data           4  phygpio.o(.data)
    uc_phyIo_diFilter                        0x2000000c   Data           4  phygpio.o(.data)
    uc_uartNoUse                             0x20000010   Data           1  phyuart.o(.data)
    F16x16                                   0x20000014   Data         160  oled_i2c.o(.data)
    BMP1                                     0x200000b4   Data        1024  oled_i2c.o(.data)
    un_objGpio_input                         0x200004c8   Data           2  objgpio.o(.data)
    un_objGpio_output                        0x200004ca   Data           2  objgpio.o(.data)
    us_objGpio_powerOnTimer                  0x200004cc   Data           2  objgpio.o(.data)
    us_objSci_sendEnable1                    0x200004d8   Data           2  objsci.o(.data)
    us_objSci_sleepTime                      0x200004da   Data           2  objsci.o(.data)
    ul_objOLED_vBat                          0x200004e4   Data           4  objoled.o(.data)
    ul_objOLED_current                       0x200004e8   Data           4  objoled.o(.data)
    ul_objOLED_pGood                         0x200004ec   Data           4  objoled.o(.data)
    ul_objOLED_outputLtc                     0x200004f0   Data           4  objoled.o(.data)
    ul_objOLED_vin                           0x200004f4   Data           4  objoled.o(.data)
    ul_objAdc_vBat                           0x200004fc   Data           4  objadc.o(.data)
    ul_objAdc_current                        0x20000500   Data           4  objadc.o(.data)
    ul_objAdc_pGood                          0x20000504   Data           4  objadc.o(.data)
    ul_objAdc_outputLtc                      0x20000508   Data           4  objadc.o(.data)
    ul_objAdc_vin                            0x2000050c   Data           4  objadc.o(.data)
    SystemCoreClock                          0x20000524   Data           4  system_stm32f10x.o(.data)
    AHBPrescTable                            0x20000528   Data          16  system_stm32f10x.o(.data)
    us_PhyAdc_dmaValue                       0x20000538   Data         500  phyadc.o(.bss)
    us_PhyAdc_value                          0x2000072c   Data          10  phyadc.o(.bss)
    st_uart1                                 0x20000736   Data         114  phyuart.o(.bss)
    st_uart2                                 0x200007a8   Data         114  phyuart.o(.bss)
    st_uart3                                 0x2000081a   Data         114  phyuart.o(.bss)
    st_uart4                                 0x2000088c   Data         114  phyuart.o(.bss)
    st_uart5                                 0x200008fe   Data         114  phyuart.o(.bss)
    phy_st_uart1                             0x20000970   Data          52  phyuart.o(.bss)
    phy_st_uart2                             0x200009a4   Data          52  phyuart.o(.bss)
    phy_st_uart3                             0x200009d8   Data          52  phyuart.o(.bss)
    phy_st_uart4                             0x20000a0c   Data          52  phyuart.o(.bss)
    phy_st_uart5                             0x20000a40   Data          52  phyuart.o(.bss)
    st_objSci_rxMsg1                         0x20000a74   Data          52  objsci.o(.bss)
    st_objSci_rxMsg2                         0x20000aa8   Data          52  objsci.o(.bss)
    st_objSci_txMsg1                         0x20000adc   Data          52  objsci.o(.bss)
    st_objSci_txMsg2                         0x20000b10   Data          52  objsci.o(.bss)
    __initial_sp                             0x20000f48   Data           0  startup_stm32f10x_hd.o(STACK)



==============================================================================

Memory Map of the image

  Image Entry point : 0x08000131

  Load Region LR_IROM1 (Base: 0x08000000, Size: 0x00005fd8, Max: 0x00010000, ABSOLUTE, COMPRESSED[0x00005c68])

    Execution Region ER_IROM1 (Base: 0x08000000, Size: 0x00005aa0, Max: 0x00010000, ABSOLUTE)

    Base Addr    Size         Type   Attr      Idx    E Section Name        Object

    0x08000000   0x00000130   Data   RO            3    RESET               startup_stm32f10x_hd.o
    0x08000130   0x00000000   Code   RO          672  * .ARM.Collect$$$$00000000  mc_w.l(entry.o)
    0x08000130   0x00000004   Code   RO          942    .ARM.Collect$$$$00000001  mc_w.l(entry2.o)
    0x08000134   0x00000004   Code   RO          945    .ARM.Collect$$$$00000004  mc_w.l(entry5.o)
    0x08000138   0x00000000   Code   RO          947    .ARM.Collect$$$$00000008  mc_w.l(entry7b.o)
    0x08000138   0x00000000   Code   RO          949    .ARM.Collect$$$$0000000A  mc_w.l(entry8b.o)
    0x08000138   0x00000008   Code   RO          950    .ARM.Collect$$$$0000000B  mc_w.l(entry9a.o)
    0x08000140   0x00000000   Code   RO          952    .ARM.Collect$$$$0000000D  mc_w.l(entry10a.o)
    0x08000140   0x00000000   Code   RO          954    .ARM.Collect$$$$0000000F  mc_w.l(entry11a.o)
    0x08000140   0x00000004   Code   RO          943    .ARM.Collect$$$$00002712  mc_w.l(entry2.o)
    0x08000144   0x00000024   Code   RO            4    .text               startup_stm32f10x_hd.o
    0x08000168   0x00000140   Code   RO           10    .text               main.o
    0x080002a8   0x00000130   Code   RO          160    .text               physys.o
    0x080003d8   0x000001d8   Code   RO          182    .text               phyadc.o
    0x080005b0   0x00000160   Code   RO          200    .text               phygpio.o
    0x08000710   0x00000022   Code   RO          218    .text               phyiwdg.o
    0x08000732   0x00000002   PAD
    0x08000734   0x00000d1c   Code   RO          233    .text               phyuart.o
    0x08001450   0x00000480   Code   RO          252    .text               oled_i2c.o
    0x080018d0   0x00000118   Code   RO          272    .text               objgpio.o
    0x080019e8   0x00000390   Code   RO          293    .text               objsci.o
    0x08001d78   0x000003c0   Code   RO          312    .text               objoled.o
    0x08002138   0x0000030c   Code   RO          330    .text               objadc.o
    0x08002444   0x000000dc   Code   RO          361    .text               misc.o
    0x08002520   0x0000044e   Code   RO          373    .text               stm32f10x_adc.o
    0x0800296e   0x00000002   PAD
    0x08002970   0x0000024c   Code   RO          457    .text               stm32f10x_dma.o
    0x08002bbc   0x000005d4   Code   RO          481    .text               stm32f10x_flash.o
    0x08003190   0x0000035c   Code   RO          505    .text               stm32f10x_gpio.o
    0x080034ec   0x000003e8   Code   RO          517    .text               stm32f10x_i2c.o
    0x080038d4   0x0000001a   Code   RO          529    .text               stm32f10x_it.o
    0x080038ee   0x00000002   PAD
    0x080038f0   0x00000040   Code   RO          544    .text               stm32f10x_iwdg.o
    0x08003930   0x000003a4   Code   RO          568    .text               stm32f10x_rcc.o
    0x08003cd4   0x00000d1a   Code   RO          618    .text               stm32f10x_tim.o
    0x080049ee   0x00000002   PAD
    0x080049f0   0x00000408   Code   RO          630    .text               stm32f10x_usart.o
    0x08004df8   0x000001d4   Code   RO          654    .text               system_stm32f10x.o
    0x08004fcc   0x00000024   Code   RO          675    .text               mc_w.l(memseta.o)
    0x08004ff0   0x00000018   Code   RO          677    .text               mc_w.l(strcat.o)
    0x08005008   0x0000000e   Code   RO          679    .text               mc_w.l(strlen.o)
    0x08005016   0x0000002c   Code   RO          959    .text               mc_w.l(uidiv.o)
    0x08005042   0x00000002   PAD
    0x08005044   0x00000024   Code   RO          974    .text               mc_w.l(init.o)
    0x08005068   0x00000056   Code   RO          994    .text               mc_w.l(__dczerorl2.o)
    0x080050be   0x00000002   PAD
    0x080050c0   0x00000028   Code   RO          728    i.__0sprintf$1      mc_w.l(printf1.o)
    0x080050e8   0x0000000e   Code   RO          988    i.__scatterload_copy  mc_w.l(handlers.o)
    0x080050f6   0x00000002   Code   RO          989    i.__scatterload_null  mc_w.l(handlers.o)
    0x080050f8   0x0000000e   Code   RO          990    i.__scatterload_zeroinit  mc_w.l(handlers.o)
    0x08005106   0x00000002   PAD
    0x08005108   0x00000154   Code   RO          733    i._printf_core      mc_w.l(printf1.o)
    0x0800525c   0x0000000a   Code   RO          735    i._sputc            mc_w.l(printf1.o)
    0x08005266   0x00000818   Data   RO          253    .constdata          oled_i2c.o
    0x08005a7e   0x00000002   PAD
    0x08005a80   0x00000020   Data   RO          986    Region$$Table       anon$$obj.o


    Execution Region RW_IRAM1 (Base: 0x20000000, Size: 0x00000f48, Max: 0x00005000, ABSOLUTE, COMPRESSED[0x000001c8])

    Base Addr    Size         Type   Attr      Idx    E Section Name        Object

    0x20000000   0x00000007   Data   RW           11    .data               main.o
    0x20000007   0x00000001   Data   RW          161    .data               physys.o
    0x20000008   0x00000008   Data   RW          201    .data               phygpio.o
    0x20000010   0x00000001   Data   RW          235    .data               phyuart.o
    0x20000011   0x00000003   PAD
    0x20000014   0x000004b4   Data   RW          254    .data               oled_i2c.o
    0x200004c8   0x00000010   Data   RW          273    .data               objgpio.o
    0x200004d8   0x0000000c   Data   RW          295    .data               objsci.o
    0x200004e4   0x00000018   Data   RW          313    .data               objoled.o
    0x200004fc   0x00000014   Data   RW          331    .data               objadc.o
    0x20000510   0x00000014   Data   RW          569    .data               stm32f10x_rcc.o
    0x20000524   0x00000014   Data   RW          655    .data               system_stm32f10x.o
    0x20000538   0x000001fe   Zero   RW          183    .bss                phyadc.o
    0x20000736   0x0000033e   Zero   RW          234    .bss                phyuart.o
    0x20000a74   0x000000d0   Zero   RW          294    .bss                objsci.o
    0x20000b44   0x00000004   PAD
    0x20000b48   0x00000400   Zero   RW            1    STACK               startup_stm32f10x_hd.o


==============================================================================

Image component sizes


      Code (inc. data)   RO Data    RW Data    ZI Data      Debug   Object Name

       320         26          0          7          0     299491   main.o
       220         22          0          0          0       1757   misc.o
       780         20          0         20          0       1258   objadc.o
       280         28          0         16          0       1661   objgpio.o
       960         92          0         24          0       1693   objoled.o
       912         70          0         12        208       3152   objsci.o
      1152         60       2072       1204          0       3686   oled_i2c.o
       472         26          0          0        510       2114   phyadc.o
       352         20          0          8          0       2383   phygpio.o
        34          0          0          0          0        451   phyiwdg.o
       304         12          0          1          0       1528   physys.o
      3356        184          0          1        830       5422   phyuart.o
        36          8        304          0       1024        824   startup_stm32f10x_hd.o
      1102         26          0          0          0      10785   stm32f10x_adc.o
       588          8          0          0          0       3539   stm32f10x_dma.o
      1492         34          0          0          0       8026   stm32f10x_flash.o
       860         38          0          0          0       5597   stm32f10x_gpio.o
      1000         16          0          0          0       8832   stm32f10x_i2c.o
        26          0          0          0          0       1218   stm32f10x_it.o
        64          6          0          0          0       1245   stm32f10x_iwdg.o
       932         36          0         20          0       8748   stm32f10x_rcc.o
      3354         74          0          0          0      21880   stm32f10x_tim.o
      1032         22          0          0          0       8324   stm32f10x_usart.o
       468         34          0         20          0       1779   system_stm32f10x.o

    ----------------------------------------------------------------------
     20104        862       2410       1336       2576     405393   Object Totals
         0          0         32          0          0          0   (incl. Generated)
         8          0          2          3          4          0   (incl. Padding)

    ----------------------------------------------------------------------

      Code (inc. data)   RO Data    RW Data    ZI Data      Debug   Library Member Name

        86          0          0          0          0          0   __dczerorl2.o
         0          0          0          0          0          0   entry.o
         0          0          0          0          0          0   entry10a.o
         0          0          0          0          0          0   entry11a.o
         8          4          0          0          0          0   entry2.o
         4          0          0          0          0          0   entry5.o
         0          0          0          0          0          0   entry7b.o
         0          0          0          0          0          0   entry8b.o
         8          4          0          0          0          0   entry9a.o
        30          0          0          0          0          0   handlers.o
        36          8          0          0          0         68   init.o
        36          0          0          0          0        108   memseta.o
       390         10          0          0          0        252   printf1.o
        24          0          0          0          0         68   strcat.o
        14          0          0          0          0         68   strlen.o
        44          0          0          0          0         80   uidiv.o

    ----------------------------------------------------------------------
       686         26          0          0          0        644   Library Totals
         6          0          0          0          0          0   (incl. Padding)

    ----------------------------------------------------------------------

      Code (inc. data)   RO Data    RW Data    ZI Data      Debug   Library Name

       680         26          0          0          0        644   mc_w.l

    ----------------------------------------------------------------------
       686         26          0          0          0        644   Library Totals

    ----------------------------------------------------------------------

==============================================================================


      Code (inc. data)   RO Data    RW Data    ZI Data      Debug   

     20790        888       2410       1336       2576     403721   Grand Totals
     20790        888       2410        456       2576     403721   ELF Image Totals (compressed)
     20790        888       2410        456          0          0   ROM Totals

==============================================================================

    Total RO  Size (Code + RO Data)                23200 (  22.66kB)
    Total RW  Size (RW Data + ZI Data)              3912 (   3.82kB)
    Total ROM Size (Code + RO Data + RW Data)      23656 (  23.10kB)

==============================================================================

